
Merging program properties


As-needed library included to satisfy reference by file (symbol)

libpml_log.so                 obj/Release/src/loggerapp.o (vtable for pml::LogToFile)
libaoip.so                    obj/Release/src/loggerapp.o (pml::aoip::AoipClient::AddLoopCallback(std::function<void (std::chrono::duration<long, std::ratio<1l, 1000000l> >)>))
libsndfile.so.1               obj/Release/src/soundfile.o (sf_open@@libsndfile.so.1.0)
libsnmp++.so.34               obj/Release/src/agentthread.o (Snmp_pp::Vb::get_value(int&) const)
libagent++.so.45              obj/Release/src/agentthread.o (Agentpp::OidxPtrEntryPtrMap::error(char const*) const)
libstdc++.so.6                obj/Release/src/inisection.o (std::__cxx11::basic_string<char, std::char_traits<char>, std::allocator<char> >::compare(char const*) const@@GLIBCXX_3.4.21)
libgcc_s.so.1                 obj/Release/src/agentthread.o (_Unwind_Resume@@GCC_3.0)
libc.so.6                     obj/Release/src/main.o (backtrace_symbols@@GLIBC_2.2.5)

Discarded input sections

 .note.GNU-stack
                0x0000000000000000        0x0 /usr/lib/gcc/x86_64-linux-gnu/11/../../../x86_64-linux-gnu/Scrt1.o
 .note.gnu.property
                0x0000000000000000       0x20 /usr/lib/gcc/x86_64-linux-gnu/11/../../../x86_64-linux-gnu/crti.o
 .note.GNU-stack
                0x0000000000000000        0x0 /usr/lib/gcc/x86_64-linux-gnu/11/../../../x86_64-linux-gnu/crti.o
 .note.GNU-stack
                0x0000000000000000        0x0 /usr/lib/gcc/x86_64-linux-gnu/11/crtbeginS.o
 .note.gnu.property
                0x0000000000000000       0x20 /usr/lib/gcc/x86_64-linux-gnu/11/crtbeginS.o
 .group         0x0000000000000000        0x8 obj/Release/src/agentthread.o
 .group         0x0000000000000000        0x8 obj/Release/src/agentthread.o
 .group         0x0000000000000000        0x8 obj/Release/src/agentthread.o
 .group         0x0000000000000000        0x8 obj/Release/src/agentthread.o
 .group         0x0000000000000000        0xc obj/Release/src/agentthread.o
 .group         0x0000000000000000        0xc obj/Release/src/agentthread.o
 .group         0x0000000000000000        0xc obj/Release/src/agentthread.o
 .group         0x0000000000000000        0xc obj/Release/src/agentthread.o
 .group         0x0000000000000000        0xc obj/Release/src/agentthread.o
 .group         0x0000000000000000        0xc obj/Release/src/agentthread.o
 .group         0x0000000000000000        0xc obj/Release/src/agentthread.o
 .group         0x0000000000000000        0xc obj/Release/src/agentthread.o
 .group         0x0000000000000000       0x18 obj/Release/src/agentthread.o
 .group         0x0000000000000000        0xc obj/Release/src/agentthread.o
 .group         0x0000000000000000       0x14 obj/Release/src/agentthread.o
 .group         0x0000000000000000       0x14 obj/Release/src/agentthread.o
 .group         0x0000000000000000        0xc obj/Release/src/agentthread.o
 .group         0x0000000000000000       0x10 obj/Release/src/agentthread.o
 .group         0x0000000000000000        0xc obj/Release/src/agentthread.o
 .group         0x0000000000000000       0x14 obj/Release/src/agentthread.o
 .group         0x0000000000000000       0x14 obj/Release/src/agentthread.o
 .group         0x0000000000000000       0x14 obj/Release/src/agentthread.o
 .group         0x0000000000000000        0x8 obj/Release/src/agentthread.o
 .group         0x0000000000000000       0x14 obj/Release/src/agentthread.o
 .group         0x0000000000000000        0xc obj/Release/src/agentthread.o
 .group         0x0000000000000000        0xc obj/Release/src/agentthread.o
 .group         0x0000000000000000        0xc obj/Release/src/agentthread.o
 .group         0x0000000000000000        0xc obj/Release/src/agentthread.o
 .group         0x0000000000000000        0xc obj/Release/src/agentthread.o
 .group         0x0000000000000000        0xc obj/Release/src/agentthread.o
 .group         0x0000000000000000        0x8 obj/Release/src/agentthread.o
 .group         0x0000000000000000        0xc obj/Release/src/agentthread.o
 .group         0x0000000000000000        0xc obj/Release/src/agentthread.o
 .group         0x0000000000000000        0x8 obj/Release/src/agentthread.o
 .group         0x0000000000000000        0xc obj/Release/src/agentthread.o
 .group         0x0000000000000000        0xc obj/Release/src/agentthread.o
 .group         0x0000000000000000        0x8 obj/Release/src/agentthread.o
 .group         0x0000000000000000        0x8 obj/Release/src/agentthread.o
 .group         0x0000000000000000        0x8 obj/Release/src/agentthread.o
 .group         0x0000000000000000        0x8 obj/Release/src/agentthread.o
 .group         0x0000000000000000        0x8 obj/Release/src/agentthread.o
 .group         0x0000000000000000        0x8 obj/Release/src/agentthread.o
 .group         0x0000000000000000        0x8 obj/Release/src/agentthread.o
 .group         0x0000000000000000        0x8 obj/Release/src/agentthread.o
[...]
Memory Configuration

Name             Origin             Length             Attributes
*default*        0x0000000000000000 0xffffffffffffffff

Linker script and memory map

LOAD /usr/lib/gcc/x86_64-linux-gnu/11/../../../x86_64-linux-gnu/Scrt1.o
LOAD /usr/lib/gcc/x86_64-linux-gnu/11/../../../x86_64-linux-gnu/crti.o
LOAD /usr/lib/gcc/x86_64-linux-gnu/11/crtbeginS.o
LOAD obj/Release/src/agentthread.o
LOAD obj/Release/src/inimanager.o
LOAD obj/Release/src/inisection.o
LOAD obj/Release/src/loggerapp.o
LOAD obj/Release/src/main.o
LOAD obj/Release/src/mibwritabletable.o
LOAD obj/Release/src/soundfile.o
LOAD ../lib/libpml_log.so
LOAD ../lib/libaoip.so
LOAD /usr/lib/gcc/x86_64-linux-gnu/11/../../../x86_64-linux-gnu/libsndfile.so
LOAD /usr/local/lib/libsnmp++.so
LOAD /usr/local/lib/libagent++.so
LOAD /usr/lib/gcc/x86_64-linux-gnu/11/libstdc++.so
LOAD /usr/lib/gcc/x86_64-linux-gnu/11/../../../x86_64-linux-gnu/libm.so
START GROUP
LOAD /lib/x86_64-linux-gnu/libm.so.6
LOAD /lib/x86_64-linux-gnu/libmvec.so.1
END GROUP
LOAD /usr/lib/gcc/x86_64-linux-gnu/11/libgcc_s.so
START GROUP
LOAD /usr/lib/gcc/x86_64-linux-gnu/11/../../../x86_64-linux-gnu/libgcc_s.so.1
LOAD /usr/lib/gcc/x86_64-linux-gnu/11/libgcc.a
END GROUP
LOAD /usr/lib/gcc/x86_64-linux-gnu/11/libgcc.a
LOAD /usr/lib/gcc/x86_64-linux-gnu/11/../../../x86_64-linux-gnu/libc.so
START GROUP
LOAD /lib/x86_64-linux-gnu/libc.so.6
LOAD /usr/lib/x86_64-linux-gnu/libc_nonshared.a
LOAD /lib64/ld-linux-x86-64.so.2
END GROUP
LOAD /usr/lib/gcc/x86_64-linux-gnu/11/libgcc_s.so
START GROUP
LOAD /usr/lib/gcc/x86_64-linux-gnu/11/../../../x86_64-linux-gnu/libgcc_s.so.1
LOAD /usr/lib/gcc/x86_64-linux-gnu/11/libgcc.a
END GROUP
LOAD /usr/lib/gcc/x86_64-linux-gnu/11/libgcc.a
LOAD /usr/lib/gcc/x86_64-linux-gnu/11/crtendS.o
LOAD /usr/lib/gcc/x86_64-linux-gnu/11/../../../x86_64-linux-gnu/crtn.o
                [!provide]                        PROVIDE (__executable_start = SEGMENT_START ("text-segment", 0x0))
                0x0000000000000318                . = (SEGMENT_START ("text-segment", 0x0) + SIZEOF_HEADERS)

.interp         0x0000000000000318       0x1c
 *(.interp)
 .interp        0x0000000000000318       0x1c /usr/lib/gcc/x86_64-linux-gnu/11/../../../x86_64-linux-gnu/Scrt1.o

.note.gnu.property
                0x0000000000000338       0x30
 .note.gnu.property
                0x0000000000000338       0x30 /usr/lib/gcc/x86_64-linux-gnu/11/../../../x86_64-linux-gnu/Scrt1.o

.note.gnu.build-id
                0x0000000000000368       0x24
 *(.note.gnu.build-id)
 .note.gnu.build-id
                0x0000000000000368       0x24 /usr/lib/gcc/x86_64-linux-gnu/11/../../../x86_64-linux-gnu/Scrt1.o

.note.ABI-tag   0x000000000000038c       0x20
 .note.ABI-tag  0x000000000000038c       0x20 /usr/lib/gcc/x86_64-linux-gnu/11/../../../x86_64-linux-gnu/Scrt1.o

.hash
 *(.hash)

.gnu.hash       0x00000000000003b0     0x12a4
 *(.gnu.hash)
 .gnu.hash      0x00000000000003b0     0x12a4 /usr/lib/gcc/x86_64-linux-gnu/11/../../../x86_64-linux-gnu/Scrt1.o

.dynsym         0x0000000000001658     0x45d8
 *(.dynsym)
 .dynsym        0x0000000000001658     0x45d8 /usr/lib/gcc/x86_64-linux-gnu/11/../../../x86_64-linux-gnu/Scrt1.o

.dynstr         0x0000000000005c30     0x80b2
 *(.dynstr)
 .dynstr        0x0000000000005c30     0x80b2 /usr/lib/gcc/x86_64-linux-gnu/11/../../../x86_64-linux-gnu/Scrt1.o

.gnu.version    0x000000000000dce2      0x5d2
 *(.gnu.version)
 .gnu.version   0x000000000000dce2      0x5d2 /usr/lib/gcc/x86_64-linux-gnu/11/../../../x86_64-linux-gnu/Scrt1.o

.gnu.version_d  0x000000000000e2b8        0x0
 *(.gnu.version_d)
 .gnu.version_d
                0x000000000000e2b8        0x0 /usr/lib/gcc/x86_64-linux-gnu/11/../../../x86_64-linux-gnu/Scrt1.o

.gnu.version_r  0x000000000000e2b8      0x140
 *(.gnu.version_r)
 .gnu.version_r
                0x000000000000e2b8      0x140 /usr/lib/gcc/x86_64-linux-gnu/11/../../../x86_64-linux-gnu/Scrt1.o

.rela.dyn       0x000000000000e3f8     0x1530
 *(.rela.init)
 *(.rela.text .rela.text.* .rela.gnu.linkonce.t.*)
 .rela.text     0x000000000000e3f8        0x0 /usr/lib/gcc/x86_64-linux-gnu/11/../../../x86_64-linux-gnu/Scrt1.o
 .rela.text._ZN7Agentpp12MibConfigBER5cloneEv
                0x000000000000e3f8        0x0 /usr/lib/gcc/x86_64-linux-gnu/11/../../../x86_64-linux-gnu/Scrt1.o
 .rela.text._ZN7Agentpp21OidxPtrEntryPtrAVLMapD0Ev
                0x000000000000e3f8        0x0 /usr/lib/gcc/x86_64-linux-gnu/11/../../../x86_64-linux-gnu/Scrt1.o
 .rela.text._ZN7Agentpp5SnmpxD2Ev
                0x000000000000e3f8        0x0 /usr/lib/gcc/x86_64-linux-gnu/11/../../../x86_64-linux-gnu/Scrt1.o
 .rela.text._ZN7Agentpp5SnmpxD0Ev
                0x000000000000e3f8        0x0 /usr/lib/gcc/x86_64-linux-gnu/11/../../../x86_64-linux-gnu/Scrt1.o
 .rela.text._ZNSt6thread11_State_implINS_8_InvokerISt5tupleIJM11AgentThreadFvvEPS3_EEEEED2Ev
                0x000000000000e3f8        0x0 /usr/lib/gcc/x86_64-linux-gnu/11/../../../x86_64-linux-gnu/Scrt1.o
 .rela.text._ZNSt6thread11_State_implINS_8_InvokerISt5tupleIJM11AgentThreadFvvEPS3_EEEEED0Ev
                0x000000000000e3f8        0x0 /usr/lib/gcc/x86_64-linux-gnu/11/../../../x86_64-linux-gnu/Scrt1.o
 .rela.text._ZNK7Snmp_pp3Oid5cloneEv
                0x000000000000e3f8        0x0 /usr/lib/gcc/x86_64-linux-gnu/11/../../../x86_64-linux-gnu/Scrt1.o
 .rela.text._ZN7Snmp_pp3OidaSERKS0_
                0x000000000000e3f8        0x0 /usr/lib/gcc/x86_64-linux-gnu/11/../../../x86_64-linux-gnu/Scrt1.o
 .rela.text.unlikely
                0x000000000000e3f8        0x0 /usr/lib/gcc/x86_64-linux-gnu/11/../../../x86_64-linux-gnu/Scrt1.o
 .rela.text._ZN7Agentpp21OidxPtrEntryPtrAVLMapD2Ev
                0x000000000000e3f8        0x0 /usr/lib/gcc/x86_64-linux-gnu/11/../../../x86_64-linux-gnu/Scrt1.o
 .rela.text._ZN7Agentpp7OidListINS_8MibEntryEE6removeEPNS_4OidxE
                0x000000000000e3f8        0x0 /usr/lib/gcc/x86_64-linux-gnu/11/../../../x86_64-linux-gnu/Scrt1.o
 .rela.text._ZNK7Agentpp7OidListINS_8MibEntryEE4findEPNS_4OidxE
                0x000000000000e3f8        0x0 /usr/lib/gcc/x86_64-linux-gnu/11/../../../x86_64-linux-gnu/Scrt1.o
 .rela.text._ZNK7Agentpp7OidListINS_8MibEntryEE10find_lowerEPNS_4OidxE
                0x000000000000e3f8        0x0 /usr/lib/gcc/x86_64-linux-gnu/11/../../../x86_64-linux-gnu/Scrt1.o
 .rela.text._ZNK7Agentpp7OidListINS_8MibEntryEE10find_upperEPNS_4OidxE
                0x000000000000e3f8        0x0 /usr/lib/gcc/x86_64-linux-gnu/11/../../../x86_64-linux-gnu/Scrt1.o
 .rela.text._ZNK7Agentpp7OidListINS_8MibEntryEE9find_nextEPNS_4OidxE
                0x000000000000e3f8        0x0 /usr/lib/gcc/x86_64-linux-gnu/11/../../../x86_64-linux-gnu/Scrt1.o
 .rela.text._ZNK7Agentpp7OidListINS_8MibEntryEE9find_prevEPNS_4OidxE
                0x000000000000e3f8        0x0 /usr/lib/gcc/x86_64-linux-gnu/11/../../../x86_64-linux-gnu/Scrt1.o
 .rela.text._ZNK7Agentpp7OidListINS_8MibEntryEE4seekEPNS_4OidxE
                0x000000000000e3f8        0x0 /usr/lib/gcc/x86_64-linux-gnu/11/../../../x86_64-linux-gnu/Scrt1.o
 .rela.text._ZNK7Agentpp7OidListINS_8MibEntryEE5firstEv
                0x000000000000e3f8        0x0 /usr/lib/gcc/x86_64-linux-gnu/11/../../../x86_64-linux-gnu/Scrt1.o
 .rela.text._ZNK7Agentpp7OidListINS_8MibEntryEE4lastEv
                0x000000000000e3f8        0x0 /usr/lib/gcc/x86_64-linux-gnu/11/../../../x86_64-linux-gnu/Scrt1.o
 .rela.text._ZNK7Agentpp7OidListINS_8MibEntryEE6getNthEi
                0x000000000000e3f8        0x0 /usr/lib/gcc/x86_64-linux-gnu/11/../../../x86_64-linux-gnu/Scrt1.o
 .rela.text._ZN7Agentpp7OidListINS_8MibEntryEE5clearEv
                0x000000000000e3f8        0x0 /usr/lib/gcc/x86_64-linux-gnu/11/../../../x86_64-linux-gnu/Scrt1.o
 .rela.text._ZN7Agentpp7OidListINS_8MibEntryEE8clearAllEv
                0x000000000000e3f8        0x0 /usr/lib/gcc/x86_64-linux-gnu/11/../../../x86_64-linux-gnu/Scrt1.o
 .rela.text._ZN7Agentpp7OidListINS_8MibEntryEEC2Ev
                0x000000000000e3f8        0x0 /usr/lib/gcc/x86_64-linux-gnu/11/../../../x86_64-linux-gnu/Scrt1.o
 .rela.text._ZN7Agentpp7OidListINS_8MibEntryEED2Ev
                0x000000000000e3f8        0x0 /usr/lib/gcc/x86_64-linux-gnu/11/../../../x86_64-linux-gnu/Scrt1.o
 .rela.text._ZN7Agentpp7OidListINS_8MibGroupEE6removeEPNS_4OidxE
                0x000000000000e3f8        0x0 /usr/lib/gcc/x86_64-linux-gnu/11/../../../x86_64-linux-gnu/Scrt1.o
 .rela.text._ZNK7Agentpp7OidListINS_8MibGroupEE4findEPNS_4OidxE
                0x000000000000e3f8        0x0 /usr/lib/gcc/x86_64-linux-gnu/11/../../../x86_64-linux-gnu/Scrt1.o
 .rela.text._ZNK7Agentpp7OidListINS_8MibGroupEE10find_lowerEPNS_4OidxE
                0x000000000000e3f8        0x0 /usr/lib/gcc/x86_64-linux-gnu/11/../../../x86_64-linux-gnu/Scrt1.o
 .rela.text._ZNK7Agentpp7OidListINS_8MibGroupEE10find_upperEPNS_4OidxE
                0x000000000000e3f8        0x0 /usr/lib/gcc/x86_64-linux-gnu/11/../../../x86_64-linux-gnu/Scrt1.o
 .rela.text._ZNK7Agentpp7OidListINS_8MibGroupEE9find_nextEPNS_4OidxE
                0x000000000000e3f8        0x0 /usr/lib/gcc/x86_64-linux-gnu/11/../../../x86_64-linux-gnu/Scrt1.o
 .rela.text._ZNK7Agentpp7OidListINS_8MibGroupEE9find_prevEPNS_4OidxE
                0x000000000000e3f8        0x0 /usr/lib/gcc/x86_64-linux-gnu/11/../../../x86_64-linux-gnu/Scrt1.o
 .rela.text._ZNK7Agentpp7OidListINS_8MibGroupEE4seekEPNS_4OidxE
                0x000000000000e3f8        0x0 /usr/lib/gcc/x86_64-linux-gnu/11/../../../x86_64-linux-gnu/Scrt1.o
 .rela.text._ZNK7Agentpp7OidListINS_8MibGroupEE5firstEv
                0x000000000000e3f8        0x0 /usr/lib/gcc/x86_64-linux-gnu/11/../../../x86_64-linux-gnu/Scrt1.o
 .rela.text._ZNK7Agentpp7OidListINS_8MibGroupEE4lastEv
                0x000000000000e3f8        0x0 /usr/lib/gcc/x86_64-linux-gnu/11/../../../x86_64-linux-gnu/Scrt1.o
 .rela.text._ZNK7Agentpp7OidListINS_8MibGroupEE6getNthEi
                0x000000000000e3f8        0x0 /usr/lib/gcc/x86_64-linux-gnu/11/../../../x86_64-linux-gnu/Scrt1.o
 .rela.text._ZN7Agentpp7OidListINS_8MibGroupEE5clearEv
                0x000000000000e3f8        0x0 /usr/lib/gcc/x86_64-linux-gnu/11/../../../x86_64-linux-gnu/Scrt1.o
 .rela.text._ZN7Agentpp7OidListINS_8MibGroupEE8clearAllEv
                0x000000000000e3f8        0x0 /usr/lib/gcc/x86_64-linux-gnu/11/../../../x86_64-linux-gnu/Scrt1.o
 .rela.text._ZN7Agentpp7OidListINS_8MibGroupEEC2Ev
                0x000000000000e3f8        0x0 /usr/lib/gcc/x86_64-linux-gnu/11/../../../x86_64-linux-gnu/Scrt1.o
 .rela.text._ZN7Agentpp7OidListINS_8MibGroupEED2Ev
                0x000000000000e3f8        0x0 /usr/lib/gcc/x86_64-linux-gnu/11/../../../x86_64-linux-gnu/Scrt1.o
 .rela.text._ZN7Agentpp7OidListINS_11MibTableRowEE6removeEPNS_4OidxE
                0x000000000000e3f8        0x0 /usr/lib/gcc/x86_64-linux-gnu/11/../../../x86_64-linux-gnu/Scrt1.o
 .rela.text._ZNK7Agentpp7OidListINS_11MibTableRowEE4findEPNS_4OidxE
                0x000000000000e3f8        0x0 /usr/lib/gcc/x86_64-linux-gnu/11/../../../x86_64-linux-gnu/Scrt1.o
 .rela.text._ZNK7Agentpp7OidListINS_11MibTableRowEE10find_lowerEPNS_4OidxE
                0x000000000000e3f8        0x0 /usr/lib/gcc/x86_64-linux-gnu/11/../../../x86_64-linux-gnu/Scrt1.o
 .rela.text._ZNK7Agentpp7OidListINS_11MibTableRowEE10find_upperEPNS_4OidxE
                0x000000000000e3f8        0x0 /usr/lib/gcc/x86_64-linux-gnu/11/../../../x86_64-linux-gnu/Scrt1.o
 .rela.text._ZNK7Agentpp7OidListINS_11MibTableRowEE9find_nextEPNS_4OidxE
                0x000000000000e3f8        0x0 /usr/lib/gcc/x86_64-linux-gnu/11/../../../x86_64-linux-gnu/Scrt1.o
 .rela.text._ZNK7Agentpp7OidListINS_11MibTableRowEE9find_prevEPNS_4OidxE
                0x000000000000e3f8        0x0 /usr/lib/gcc/x86_64-linux-gnu/11/../../../x86_64-linux-gnu/Scrt1.o
 .rela.text._ZNK7Agentpp7OidListINS_11MibTableRowEE4seekEPNS_4OidxE
                0x000000000000e3f8        0x0 /usr/lib/gcc/x86_64-linux-gnu/11/../../../x86_64-linux-gnu/Scrt1.o
 .rela.text._ZNK7Agentpp7OidListINS_11MibTableRowEE5firstEv
                0x000000000000e3f8        0x0 /usr/lib/gcc/x86_64-linux-gnu/11/../../../x86_64-linux-gnu/Scrt1.o
 .rela.text._ZNK7Agentpp7OidListINS_11MibTableRowEE4lastEv
                0x000000000000e3f8        0x0 /usr/lib/gcc/x86_64-linux-gnu/11/../../../x86_64-linux-gnu/Scrt1.o
 .rela.text._ZNK7Agentpp7OidListINS_11MibTableRowEE6getNthEi
                0x000000000000e3f8        0x0 /usr/lib/gcc/x86_64-linux-gnu/11/../../../x86_64-linux-gnu/Scrt1.o
 .rela.text._ZN7Agentpp7OidListINS_11MibTableRowEE5clearEv
                0x000000000000e3f8        0x0 /usr/lib/gcc/x86_64-linux-gnu/11/../../../x86_64-linux-gnu/Scrt1.o
 .rela.text._ZN7Agentpp7OidListINS_11MibTableRowEE8clearAllEv
                0x000000000000e3f8        0x0 /usr/lib/gcc/x86_64-linux-gnu/11/../../../x86_64-linux-gnu/Scrt1.o
 .rela.text._ZN7Agentpp7OidListINS_11MibTableRowEEC2Ev
                0x000000000000e3f8        0x0 /usr/lib/gcc/x86_64-linux-gnu/11/../../../x86_64-linux-gnu/Scrt1.o
 .rela.text._ZN7Agentpp7OidListINS_11MibTableRowEED2Ev
                0x000000000000e3f8        0x0 /usr/lib/gcc/x86_64-linux-gnu/11/../../../x86_64-linux-gnu/Scrt1.o
 .rela.text._ZN7Agentpp5ArrayINS_15MibConfigFormatEE5cloneEv
                0x000000000000e3f8        0x0 /usr/lib/gcc/x86_64-linux-gnu/11/../../../x86_64-linux-gnu/Scrt1.o
 .rela.text._ZN7Agentpp5ArrayINS_15MibConfigFormatEEaSERKS2_
                0x000000000000e3f8        0x0 /usr/lib/gcc/x86_64-linux-gnu/11/../../../x86_64-linux-gnu/Scrt1.o
 .rela.text._ZN7Agentpp7OidListINS_10MibContextEE6removeEPNS_4OidxE
                0x000000000000e3f8        0x0 /usr/lib/gcc/x86_64-linux-gnu/11/../../../x86_64-linux-gnu/Scrt1.o
 .rela.text._ZNK7Agentpp7OidListINS_10MibContextEE4findEPNS_4OidxE
                0x000000000000e3f8        0x0 /usr/lib/gcc/x86_64-linux-gnu/11/../../../x86_64-linux-gnu/Scrt1.o
 .rela.text._ZNK7Agentpp7OidListINS_10MibContextEE10find_lowerEPNS_4OidxE
                0x000000000000e3f8        0x0 /usr/lib/gcc/x86_64-linux-gnu/11/../../../x86_64-linux-gnu/Scrt1.o
 .rela.text._ZNK7Agentpp7OidListINS_10MibContextEE10find_upperEPNS_4OidxE
                0x000000000000e3f8        0x0 /usr/lib/gcc/x86_64-linux-gnu/11/../../../x86_64-linux-gnu/Scrt1.o
 .rela.text._ZNK7Agentpp7OidListINS_10MibContextEE9find_nextEPNS_4OidxE
                0x000000000000e3f8        0x0 /usr/lib/gcc/x86_64-linux-gnu/11/../../../x86_64-linux-gnu/Scrt1.o
 .rela.text._ZNK7Agentpp7OidListINS_10MibContextEE9find_prevEPNS_4OidxE
                0x000000000000e3f8        0x0 /usr/lib/gcc/x86_64-linux-gnu/11/../../../x86_64-linux-gnu/Scrt1.o
 .rela.text._ZNK7Agentpp7OidListINS_10MibContextEE4seekEPNS_4OidxE
                0x000000000000e3f8        0x0 /usr/lib/gcc/x86_64-linux-gnu/11/../../../x86_64-linux-gnu/Scrt1.o
 .rela.text._ZNK7Agentpp7OidListINS_10MibContextEE5firstEv
                0x000000000000e3f8        0x0 /usr/lib/gcc/x86_64-linux-gnu/11/../../../x86_64-linux-gnu/Scrt1.o
 .rela.text._ZNK7Agentpp7OidListINS_10MibContextEE4lastEv
                0x000000000000e3f8        0x0 /usr/lib/gcc/x86_64-linux-gnu/11/../../../x86_64-linux-gnu/Scrt1.o
 .rela.text._ZNK7Agentpp7OidListINS_10MibContextEE6getNthEi
                0x000000000000e3f8        0x0 /usr/lib/gcc/x86_64-linux-gnu/11/../../../x86_64-linux-gnu/Scrt1.o
 .rela.text._ZN7Agentpp7OidListINS_10MibContextEE5clearEv
                0x000000000000e3f8        0x0 /usr/lib/gcc/x86_64-linux-gnu/11/../../../x86_64-linux-gnu/Scrt1.o
 .rela.text._ZN7Agentpp7OidListINS_10MibContextEE8clearAllEv
                0x000000000000e3f8        0x0 /usr/lib/gcc/x86_64-linux-gnu/11/../../../x86_64-linux-gnu/Scrt1.o
 .rela.text._ZN7Agentpp7OidListINS_10MibContextEEC2Ev
                0x000000000000e3f8        0x0 /usr/lib/gcc/x86_64-linux-gnu/11/../../../x86_64-linux-gnu/Scrt1.o
 .rela.text._ZN7Agentpp7OidListINS_10MibContextEED2Ev
                0x000000000000e3f8        0x0 /usr/lib/gcc/x86_64-linux-gnu/11/../../../x86_64-linux-gnu/Scrt1.o
 .rela.text._ZN7Agentpp7OidListINS_14MibStaticEntryEE6removeEPNS_4OidxE
                0x000000000000e3f8        0x0 /usr/lib/gcc/x86_64-linux-gnu/11/../../../x86_64-linux-gnu/Scrt1.o
 .rela.text._ZNK7Agentpp7OidListINS_14MibStaticEntryEE4findEPNS_4OidxE
                0x000000000000e3f8        0x0 /usr/lib/gcc/x86_64-linux-gnu/11/../../../x86_64-linux-gnu/Scrt1.o
 .rela.text._ZNK7Agentpp7OidListINS_14MibStaticEntryEE10find_lowerEPNS_4OidxE
                0x000000000000e3f8        0x0 /usr/lib/gcc/x86_64-linux-gnu/11/../../../x86_64-linux-gnu/Scrt1.o
 .rela.text._ZNK7Agentpp7OidListINS_14MibStaticEntryEE10find_upperEPNS_4OidxE
                0x000000000000e3f8        0x0 /usr/lib/gcc/x86_64-linux-gnu/11/../../../x86_64-linux-gnu/Scrt1.o
 .rela.text._ZNK7Agentpp7OidListINS_14MibStaticEntryEE9find_nextEPNS_4OidxE
                0x000000000000e3f8        0x0 /usr/lib/gcc/x86_64-linux-gnu/11/../../../x86_64-linux-gnu/Scrt1.o
 .rela.text._ZNK7Agentpp7OidListINS_14MibStaticEntryEE9find_prevEPNS_4OidxE
                0x000000000000e3f8        0x0 /usr/lib/gcc/x86_64-linux-gnu/11/../../../x86_64-linux-gnu/Scrt1.o
 .rela.text._ZNK7Agentpp7OidListINS_14MibStaticEntryEE4seekEPNS_4OidxE
                0x000000000000e3f8        0x0 /usr/lib/gcc/x86_64-linux-gnu/11/../../../x86_64-linux-gnu/Scrt1.o
 .rela.text._ZNK7Agentpp7OidListINS_14MibStaticEntryEE5firstEv
                0x000000000000e3f8        0x0 /usr/lib/gcc/x86_64-linux-gnu/11/../../../x86_64-linux-gnu/Scrt1.o
 .rela.text._ZNK7Agentpp7OidListINS_14MibStaticEntryEE4lastEv
                0x000000000000e3f8        0x0 /usr/lib/gcc/x86_64-linux-gnu/11/../../../x86_64-linux-gnu/Scrt1.o
 .rela.text._ZNK7Agentpp7OidListINS_14MibStaticEntryEE6getNthEi
                0x000000000000e3f8        0x0 /usr/lib/gcc/x86_64-linux-gnu/11/../../../x86_64-linux-gnu/Scrt1.o
 .rela.text._ZN7Agentpp7OidListINS_14MibStaticEntryEE5clearEv
                0x000000000000e3f8        0x0 /usr/lib/gcc/x86_64-linux-gnu/11/../../../x86_64-linux-gnu/Scrt1.o
 .rela.text._ZN7Agentpp7OidListINS_14MibStaticEntryEE8clearAllEv
                0x000000000000e3f8        0x0 /usr/lib/gcc/x86_64-linux-gnu/11/../../../x86_64-linux-gnu/Scrt1.o
 .rela.text._ZN7Agentpp7OidListINS_14MibStaticEntryEEC2Ev
                0x000000000000e3f8        0x0 /usr/lib/gcc/x86_64-linux-gnu/11/../../../x86_64-linux-gnu/Scrt1.o
 .rela.text._ZN7Agentpp7OidListINS_14MibStaticEntryEED2Ev
                0x000000000000e3f8        0x0 /usr/lib/gcc/x86_64-linux-gnu/11/../../../x86_64-linux-gnu/Scrt1.o
 .rela.text._ZNSt7__cxx1115basic_stringbufIcSt11char_traitsIcESaIcEED2Ev
                0x000000000000e3f8        0x0 /usr/lib/gcc/x86_64-linux-gnu/11/../../../x86_64-linux-gnu/Scrt1.o
 .rela.text._ZNSt7__cxx1115basic_stringbufIcSt11char_traitsIcESaIcEED0Ev
                0x000000000000e3f8        0x0 /usr/lib/gcc/x86_64-linux-gnu/11/../../../x86_64-linux-gnu/Scrt1.o
 .rela.text._ZNSt23_Sp_counted_ptr_inplaceI10iniSectionSaIS0_ELN9__gnu_cxx12_Lock_policyE2EE14_M_get_deleterERKSt9type_info
                0x000000000000e3f8        0x0 /usr/lib/gcc/x86_64-linux-gnu/11/../../../x86_64-linux-gnu/Scrt1.o
 .rela.text._ZNSt4pairINSt7__cxx1112basic_stringIcSt11char_traitsIcESaIcEEESt10shared_ptrI10iniSectionEED2Ev
                0x000000000000e3f8        0x0 /usr/lib/gcc/x86_64-linux-gnu/11/../../../x86_64-linux-gnu/Scrt1.o
 .rela.text._ZNSt16_Sp_counted_baseILN9__gnu_cxx12_Lock_policyE2EE10_M_releaseEv
                0x000000000000e3f8        0x0 /usr/lib/gcc/x86_64-linux-gnu/11/../../../x86_64-linux-gnu/Scrt1.o
 .rela.text._ZNSt8_Rb_treeINSt7__cxx1112basic_stringIcSt11char_traitsIcESaIcEEESt4pairIKS5_St10shared_ptrI10iniSectionEESt10_Select1stISB_E7ci_lessSaISB_EE17_M_emplace_uniqueIJS6_IS5_SA_EEEES6_ISt17_Rb_tree_iteratorISB_EbEDpOT_
                0x000000000000e3f8        0x0 /usr/lib/gcc/x86_64-linux-gnu/11/../../../x86_64-linux-gnu/Scrt1.o
 .rela.text._ZNSt23_Sp_counted_ptr_inplaceIN3pml4aoip10AoIPSourceESaIS2_ELN9__gnu_cxx12_Lock_policyE2EE14_M_get_deleterERKSt9type_info
                0x000000000000e3f8        0x0 /usr/lib/gcc/x86_64-linux-gnu/11/../../../x86_64-linux-gnu/Scrt1.o
 .rela.text._ZNSt17_Function_handlerIFvNSt6chrono8durationIlSt5ratioILl1ELl1000000EEEEESt5_BindIFM9LoggerAppFvS4_EPS7_St12_PlaceholderILi1EEEEE10_M_managerERSt9_Any_dataRKSG_St18_Manager_operation
                0x000000000000e3f8        0x0 /usr/lib/gcc/x86_64-linux-gnu/11/../../../x86_64-linux-gnu/Scrt1.o
 .rela.text._ZNSt17_Function_handlerIFvSt10shared_ptrIN3pml4aoip10AoIPSourceEEbESt5_BindIFM9LoggerAppFvS4_bEPS7_St12_PlaceholderILi1EESB_ILi2EEEEE10_M_managerERSt9_Any_dataRKSH_St18_Manager_operation
                0x000000000000e3f8        0x0 /usr/lib/gcc/x86_64-linux-gnu/11/../../../x86_64-linux-gnu/Scrt1.o
 .rela.text._ZNSt17_Function_handlerIFvSt10shared_ptrIN3pml4aoip10AoIPSourceEERKNS2_7sessionEESt5_BindIFM9LoggerAppFvS4_S7_EPSA_St12_PlaceholderILi1EESE_ILi2EEEEE10_M_managerERSt9_Any_dataRKSK_St18_Manager_operation
                0x000000000000e3f8        0x0 /usr/lib/gcc/x86_64-linux-gnu/11/../../../x86_64-linux-gnu/Scrt1.o
 .rela.text._ZNSt17_Function_handlerIFvSt10shared_ptrIN3pml4aoip10AoIPSourceEES0_INS2_7qosDataEEESt5_BindIFM9LoggerAppFvS4_S6_EPS9_St12_PlaceholderILi1EESD_ILi2EEEEE10_M_managerERSt9_Any_dataRKSJ_St18_Manager_operation
                0x000000000000e3f8        0x0 /usr/lib/gcc/x86_64-linux-gnu/11/../../../x86_64-linux-gnu/Scrt1.o
 .rela.text._ZNSt17_Function_handlerIFvSt10shared_ptrIN3pml4aoip10AoIPSourceEES0_INS2_11timedbufferEEESt5_BindIFM9LoggerAppFvS4_S6_EPS9_St12_PlaceholderILi1EESD_ILi2EEEEE10_M_managerERSt9_Any_dataRKSJ_St18_Manager_operation
                0x000000000000e3f8        0x0 /usr/lib/gcc/x86_64-linux-gnu/11/../../../x86_64-linux-gnu/Scrt1.o
 .rela.text._ZN3pml9LogToFileD0Ev
                0x000000000000e3f8        0x0 /usr/lib/gcc/x86_64-linux-gnu/11/../../../x86_64-linux-gnu/Scrt1.o
 .rela.text._ZN3pml9LogToFileD2Ev
                0x000000000000e3f8        0x0 /usr/lib/gcc/x86_64-linux-gnu/11/../../../x86_64-linux-gnu/Scrt1.o
 .rela.text._ZNSt10unique_ptrIN3pml9LogToFileESt14default_deleteIS1_EED2Ev
                0x000000000000e3f8        0x0 /usr/lib/gcc/x86_64-linux-gnu/11/../../../x86_64-linux-gnu/Scrt1.o
 .rela.text._ZNSt17_Function_handlerIFvSt10shared_ptrIN3pml4aoip10AoIPSourceEEbESt5_BindIFM9LoggerAppFvS4_bEPS7_St12_PlaceholderILi1EESB_ILi2EEEEE9_M_invokeERKSt9_Any_dataOS4_Ob
                0x000000000000e3f8        0x0 /usr/lib/gcc/x86_64-linux-gnu/11/../../../x86_64-linux-gnu/Scrt1.o
 .rela.text._ZNSt17_Function_handlerIFvSt10shared_ptrIN3pml4aoip10AoIPSourceEERKNS2_7sessionEESt5_BindIFM9LoggerAppFvS4_S7_EPSA_St12_PlaceholderILi1EESE_ILi2EEEEE9_M_invokeERKSt9_Any_dataOS4_S7_
                0x000000000000e3f8        0x0 /usr/lib/gcc/x86_64-linux-gnu/11/../../../x86_64-linux-gnu/Scrt1.o
 .rela.text._ZNSt17_Function_handlerIFvSt10shared_ptrIN3pml4aoip10AoIPSourceEES0_INS2_7qosDataEEESt5_BindIFM9LoggerAppFvS4_S6_EPS9_St12_PlaceholderILi1EESD_ILi2EEEEE9_M_invokeERKSt9_Any_dataOS4_OS6_
                0x000000000000e3f8        0x0 /usr/lib/gcc/x86_64-linux-gnu/11/../../../x86_64-linux-gnu/Scrt1.o
 .rela.text._ZNSt17_Function_handlerIFvSt10shared_ptrIN3pml4aoip10AoIPSourceEES0_INS2_11timedbufferEEESt5_BindIFM9LoggerAppFvS4_S6_EPS9_St12_PlaceholderILi1EESD_ILi2EEEEE9_M_invokeERKSt9_Any_dataOS4_OS6_
                0x000000000000e3f8        0x0 /usr/lib/gcc/x86_64-linux-gnu/11/../../../x86_64-linux-gnu/Scrt1.o
 .rela.text.startup
                0x000000000000e3f8        0x0 /usr/lib/gcc/x86_64-linux-gnu/11/../../../x86_64-linux-gnu/Scrt1.o
 .rela.text._ZN7Snmp_pp3OidC2ERKS0_
                0x000000000000e3f8        0x0 /usr/lib/gcc/x86_64-linux-gnu/11/../../../x86_64-linux-gnu/Scrt1.o
 .rela.text._ZN7Agentpp4Oidx8cut_leftERKS0_j
                0x000000000000e3f8        0x0 /usr/lib/gcc/x86_64-linux-gnu/11/../../../x86_64-linux-gnu/Scrt1.o
 .rela.text._ZN7Agentpp7OidListINS_16MibWritableEntryEED2Ev
                0x000000000000e3f8        0x0 /usr/lib/gcc/x86_64-linux-gnu/11/../../../x86_64-linux-gnu/Scrt1.o
 .rela.text._ZNK7Agentpp7OidListINS_16MibWritableEntryEE10find_upperEPNS_4OidxE
                0x000000000000e3f8        0x0 /usr/lib/gcc/x86_64-linux-gnu/11/../../../x86_64-linux-gnu/Scrt1.o
 *(.rela.fini)
 *(.rela.rodata .rela.rodata.* .rela.gnu.linkonce.r.*)
 *(.rela.data .rela.data.* .rela.gnu.linkonce.d.*)
 .rela.data.rel.ro
                0x000000000000e3f8      0x1c8 /usr/lib/gcc/x86_64-linux-gnu/11/../../../x86_64-linux-gnu/Scrt1.o
 .rela.data.rel.local
                0x000000000000e5c0       0x18 /usr/lib/gcc/x86_64-linux-gnu/11/../../../x86_64-linux-gnu/Scrt1.o
 .rela.data.rel.ro._ZTIN7Agentpp4OidxE
                0x000000000000e5d8       0x48 /usr/lib/gcc/x86_64-linux-gnu/11/../../../x86_64-linux-gnu/Scrt1.o
 .rela.data.rel.ro._ZTIN7Agentpp5SnmpxE
                0x000000000000e620       0x48 /usr/lib/gcc/x86_64-linux-gnu/11/../../../x86_64-linux-gnu/Scrt1.o
 .rela.data.rel.ro._ZTIN7Snmp_pp12snmpTrapsOidE
                0x000000000000e668       0x48 /usr/lib/gcc/x86_64-linux-gnu/11/../../../x86_64-linux-gnu/Scrt1.o
 .rela.data.rel.ro._ZTIN7Snmp_pp12coldStartOidE
                0x000000000000e6b0       0x48 /usr/lib/gcc/x86_64-linux-gnu/11/../../../x86_64-linux-gnu/Scrt1.o
 .rela.data.rel.ro._ZTINSt6thread11_State_implINS_8_InvokerISt5tupleIJM11AgentThreadFvvEPS3_EEEEEE
                0x000000000000e6f8       0x48 /usr/lib/gcc/x86_64-linux-gnu/11/../../../x86_64-linux-gnu/Scrt1.o
 .rela.data.rel.ro._ZTVN7Agentpp4OidxE
                0x000000000000e740      0x180 /usr/lib/gcc/x86_64-linux-gnu/11/../../../x86_64-linux-gnu/Scrt1.o
 .rela.data.rel.ro._ZTVN7Agentpp5SnmpxE
                0x000000000000e8c0      0x240 /usr/lib/gcc/x86_64-linux-gnu/11/../../../x86_64-linux-gnu/Scrt1.o
 .rela.data.rel.ro._ZTVN7Snmp_pp12snmpTrapsOidE
                0x000000000000eb00      0x168 /usr/lib/gcc/x86_64-linux-gnu/11/../../../x86_64-linux-gnu/Scrt1.o
 .rela.data.rel.ro._ZTVN7Snmp_pp12coldStartOidE
                0x000000000000ec68      0x168 /usr/lib/gcc/x86_64-linux-gnu/11/../../../x86_64-linux-gnu/Scrt1.o
 .rela.data.rel.ro.local._ZTVNSt6thread11_State_implINS_8_InvokerISt5tupleIJM11AgentThreadFvvEPS3_EEEEEE
                0x000000000000edd0       0x60 /usr/lib/gcc/x86_64-linux-gnu/11/../../../x86_64-linux-gnu/Scrt1.o
 .rela.data.rel.local.DW.ref.__gxx_personality_v0
                0x000000000000ee30       0x18 /usr/lib/gcc/x86_64-linux-gnu/11/../../../x86_64-linux-gnu/Scrt1.o
 .rela.data.rel.ro._ZTISt11_Mutex_baseILN9__gnu_cxx12_Lock_policyE2EE
                0x000000000000ee48       0x30 /usr/lib/gcc/x86_64-linux-gnu/11/../../../x86_64-linux-gnu/Scrt1.o
 .rela.data.rel.ro._ZTISt16_Sp_counted_baseILN9__gnu_cxx12_Lock_policyE2EE
                0x000000000000ee78       0x48 /usr/lib/gcc/x86_64-linux-gnu/11/../../../x86_64-linux-gnu/Scrt1.o
 .rela.data.rel.ro._ZTISt23_Sp_counted_ptr_inplaceI10iniSectionSaIS0_ELN9__gnu_cxx12_Lock_policyE2EE
                0x000000000000eec0       0x48 /usr/lib/gcc/x86_64-linux-gnu/11/../../../x86_64-linux-gnu/Scrt1.o
 .rela.data.rel.ro.local._ZTVSt23_Sp_counted_ptr_inplaceI10iniSectionSaIS0_ELN9__gnu_cxx12_Lock_policyE2EE
                0x000000000000ef08       0x90 /usr/lib/gcc/x86_64-linux-gnu/11/../../../x86_64-linux-gnu/Scrt1.o
 .rela.data.rel.ro._ZTISt24_Weak_result_type_memfunIM9LoggerAppFvSt10shared_ptrIN3pml4aoip10AoIPSourceEES1_INS3_11timedbufferEEELb1EE
                0x000000000000ef98       0x30 /usr/lib/gcc/x86_64-linux-gnu/11/../../../x86_64-linux-gnu/Scrt1.o
 .rela.data.rel.ro._ZTISt24_Weak_result_type_memfunIM9LoggerAppFvSt10shared_ptrIN3pml4aoip10AoIPSourceEES1_INS3_7qosDataEEELb1EE
                0x000000000000efc8       0x30 /usr/lib/gcc/x86_64-linux-gnu/11/../../../x86_64-linux-gnu/Scrt1.o
 .rela.data.rel.ro._ZTISt24_Weak_result_type_memfunIM9LoggerAppFvSt10shared_ptrIN3pml4aoip10AoIPSourceEERKNS3_7sessionEELb1EE
                0x000000000000eff8       0x30 /usr/lib/gcc/x86_64-linux-gnu/11/../../../x86_64-linux-gnu/Scrt1.o
 .rela.data.rel.ro._ZTISt24_Weak_result_type_memfunIM9LoggerAppFvSt10shared_ptrIN3pml4aoip10AoIPSourceEEbELb1EE
                0x000000000000f028       0x30 /usr/lib/gcc/x86_64-linux-gnu/11/../../../x86_64-linux-gnu/Scrt1.o
 .rela.data.rel.ro._ZTISt24_Weak_result_type_memfunIM9LoggerAppFvNSt6chrono8durationIlSt5ratioILl1ELl1000000EEEEELb1EE
                0x000000000000f058       0x30 /usr/lib/gcc/x86_64-linux-gnu/11/../../../x86_64-linux-gnu/Scrt1.o
 .rela.data.rel.ro._ZTISt17_Weak_result_typeIM9LoggerAppFvSt10shared_ptrIN3pml4aoip10AoIPSourceEES1_INS3_11timedbufferEEEE
                0x000000000000f088       0x48 /usr/lib/gcc/x86_64-linux-gnu/11/../../../x86_64-linux-gnu/Scrt1.o
 .rela.data.rel.ro._ZTISt17_Weak_result_typeIM9LoggerAppFvSt10shared_ptrIN3pml4aoip10AoIPSourceEES1_INS3_7qosDataEEEE
                0x000000000000f0d0       0x48 /usr/lib/gcc/x86_64-linux-gnu/11/../../../x86_64-linux-gnu/Scrt1.o
 .rela.data.rel.ro._ZTISt17_Weak_result_typeIM9LoggerAppFvSt10shared_ptrIN3pml4aoip10AoIPSourceEERKNS3_7sessionEEE
                0x000000000000f118       0x48 /usr/lib/gcc/x86_64-linux-gnu/11/../../../x86_64-linux-gnu/Scrt1.o
 .rela.data.rel.ro._ZTISt17_Weak_result_typeIM9LoggerAppFvSt10shared_ptrIN3pml4aoip10AoIPSourceEEbEE
                0x000000000000f160       0x48 /usr/lib/gcc/x86_64-linux-gnu/11/../../../x86_64-linux-gnu/Scrt1.o
 .rela.data.rel.ro._ZTISt17_Weak_result_typeIM9LoggerAppFvNSt6chrono8durationIlSt5ratioILl1ELl1000000EEEEEE
                0x000000000000f1a8       0x48 /usr/lib/gcc/x86_64-linux-gnu/11/../../../x86_64-linux-gnu/Scrt1.o
 .rela.data.rel.ro._ZTISt5_BindIFM9LoggerAppFvSt10shared_ptrIN3pml4aoip10AoIPSourceEES1_INS3_11timedbufferEEEPS0_St12_PlaceholderILi1EESB_ILi2EEEE
                0x000000000000f1f0       0x48 /usr/lib/gcc/x86_64-linux-gnu/11/../../../x86_64-linux-gnu/Scrt1.o
 .rela.data.rel.ro._ZTISt5_BindIFM9LoggerAppFvSt10shared_ptrIN3pml4aoip10AoIPSourceEES1_INS3_7qosDataEEEPS0_St12_PlaceholderILi1EESB_ILi2EEEE
                0x000000000000f238       0x48 /usr/lib/gcc/x86_64-linux-gnu/11/../../../x86_64-linux-gnu/Scrt1.o
 .rela.data.rel.ro._ZTISt5_BindIFM9LoggerAppFvSt10shared_ptrIN3pml4aoip10AoIPSourceEERKNS3_7sessionEEPS0_St12_PlaceholderILi1EESC_ILi2EEEE
                0x000000000000f280       0x48 /usr/lib/gcc/x86_64-linux-gnu/11/../../../x86_64-linux-gnu/Scrt1.o
 .rela.data.rel.ro._ZTISt5_BindIFM9LoggerAppFvSt10shared_ptrIN3pml4aoip10AoIPSourceEEbEPS0_St12_PlaceholderILi1EES9_ILi2EEEE
                0x000000000000f2c8       0x48 /usr/lib/gcc/x86_64-linux-gnu/11/../../../x86_64-linux-gnu/Scrt1.o
 .rela.data.rel.ro._ZTISt5_BindIFM9LoggerAppFvNSt6chrono8durationIlSt5ratioILl1ELl1000000EEEEEPS0_St12_PlaceholderILi1EEEE
                0x000000000000f310       0x48 /usr/lib/gcc/x86_64-linux-gnu/11/../../../x86_64-linux-gnu/Scrt1.o
 .rela.data.rel.ro._ZTISt23_Sp_counted_ptr_inplaceIN3pml4aoip10AoIPSourceESaIS2_ELN9__gnu_cxx12_Lock_policyE2EE
                0x000000000000f358       0x48 /usr/lib/gcc/x86_64-linux-gnu/11/../../../x86_64-linux-gnu/Scrt1.o
 .rela.data.rel.ro.local._ZTVSt23_Sp_counted_ptr_inplaceIN3pml4aoip10AoIPSourceESaIS2_ELN9__gnu_cxx12_Lock_policyE2EE
                0x000000000000f3a0       0x90 /usr/lib/gcc/x86_64-linux-gnu/11/../../../x86_64-linux-gnu/Scrt1.o
 .rela.data.rel.ro._ZTIN7Agentpp16MibWritableTableE
                0x000000000000f430       0x48 /usr/lib/gcc/x86_64-linux-gnu/11/../../../x86_64-linux-gnu/Scrt1.o
 .rela.data.rel.ro._ZTVN7Agentpp16MibWritableTableE
                0x000000000000f478      0x2a0 /usr/lib/gcc/x86_64-linux-gnu/11/../../../x86_64-linux-gnu/Scrt1.o
 *(.rela.tdata .rela.tdata.* .rela.gnu.linkonce.td.*)
 *(.rela.tbss .rela.tbss.* .rela.gnu.linkonce.tb.*)
 *(.rela.ctors)
 *(.rela.dtors)
 *(.rela.got)
 .rela.got      0x000000000000f718       0xf0 /usr/lib/gcc/x86_64-linux-gnu/11/../../../x86_64-linux-gnu/Scrt1.o
 *(.rela.bss .rela.bss.* .rela.gnu.linkonce.b.*)
 .rela.bss      0x000000000000f808       0x48 /usr/lib/gcc/x86_64-linux-gnu/11/../../../x86_64-linux-gnu/Scrt1.o
 *(.rela.ldata .rela.ldata.* .rela.gnu.linkonce.l.*)
 *(.rela.lbss .rela.lbss.* .rela.gnu.linkonce.lb.*)
 *(.rela.lrodata .rela.lrodata.* .rela.gnu.linkonce.lr.*)
 *(.rela.ifunc)
 .rela.ifunc    0x000000000000f850        0x0 /usr/lib/gcc/x86_64-linux-gnu/11/../../../x86_64-linux-gnu/Scrt1.o
 .rela.fini_array
                0x000000000000f850       0x18 /usr/lib/gcc/x86_64-linux-gnu/11/../../../x86_64-linux-gnu/Scrt1.o
 .rela.init_array
                0x000000000000f868       0xc0 /usr/lib/gcc/x86_64-linux-gnu/11/../../../x86_64-linux-gnu/Scrt1.o
 .rela.eh_frame
                0x000000000000f928        0x0 /usr/lib/gcc/x86_64-linux-gnu/11/../../../x86_64-linux-gnu/Scrt1.o

.rela.plt       0x000000000000f928      0xea0
 *(.rela.plt)
 .rela.plt      0x000000000000f928      0xea0 /usr/lib/gcc/x86_64-linux-gnu/11/../../../x86_64-linux-gnu/Scrt1.o
 *(.rela.iplt)
                0x0000000000011000                . = ALIGN (CONSTANT (MAXPAGESIZE))

.init           0x0000000000011000       0x1b
 *(SORT_NONE(.init))
 .init          0x0000000000011000       0x16 /usr/lib/gcc/x86_64-linux-gnu/11/../../../x86_64-linux-gnu/crti.o
                0x0000000000011000                _init
 .init          0x0000000000011016        0x5 /usr/lib/gcc/x86_64-linux-gnu/11/../../../x86_64-linux-gnu/crtn.o

.plt            0x0000000000011020      0x9d0
 *(.plt)
 .plt           0x0000000000011020      0x9d0 /usr/lib/gcc/x86_64-linux-gnu/11/../../../x86_64-linux-gnu/Scrt1.o
 *(.iplt)

.plt.got        0x00000000000119f0       0x10
 *(.plt.got)
 .plt.got       0x00000000000119f0       0x10 /usr/lib/gcc/x86_64-linux-gnu/11/../../../x86_64-linux-gnu/Scrt1.o
                0x00000000000119f0                __cxa_finalize@@GLIBC_2.2.5

.plt.sec        0x0000000000011a00      0x9c0
 *(.plt.sec)
 .plt.sec       0x0000000000011a00      0x9c0 /usr/lib/gcc/x86_64-linux-gnu/11/../../../x86_64-linux-gnu/Scrt1.o
                0x0000000000011a00                operator new[](unsigned long)@@GLIBCXX_3.4
                0x0000000000011a10                std::ostream::put(char)@@GLIBCXX_3.4
                0x0000000000011a20                Agentpp::MibTableRow::operator==(Agentpp::MibTableRow const&)
                0x0000000000011a30                std::_Rb_tree_insert_and_rebalance(bool, std::_Rb_tree_node_base*, std::_Rb_tree_node_base*, std::_Rb_tree_node_base&)@@GLIBCXX_3.4
                0x0000000000011a40                Agentpp::MibEntry::key()
                0x0000000000011a50                std::basic_iostream<char, std::char_traits<char> >::~basic_iostream()@@GLIBCXX_3.4
                0x0000000000011a60                std::ostream::operator<<(std::basic_streambuf<char, std::char_traits<char> >*)@@GLIBCXX_3.4
                0x0000000000011a70                std::basic_filebuf<char, std::char_traits<char> >::close()@@GLIBCXX_3.4
                0x0000000000011a80                std::__basic_file<char>::is_open() const@@GLIBCXX_3.4
                0x0000000000011a90                std::basic_ifstream<char, std::char_traits<char> >::~basic_ifstream()@@GLIBCXX_3.4
                0x0000000000011aa0                std::terminate()@@GLIBCXX_3.4
                0x0000000000011ab0                std::__cxx11::basic_string<char, std::char_traits<char>, std::allocator<char> >::compare(char const*) const@@GLIBCXX_3.4.21
                0x0000000000011ac0                pml::aoip::AoipClient::AddStreamCallback(std::function<void (std::shared_ptr<pml::aoip::AoIPSource>, bool)>)
                0x0000000000011ad0                std::ios_base::ios_base()@@GLIBCXX_3.4
                0x0000000000011ae0                Agentpp::MibEntry::operator<(Agentpp::MibEntry const&) const
                0x0000000000011af0                Snmp_pp::Oid::get_printable(unsigned long, unsigned long, char*&) const
                0x0000000000011b00                std::__cxx11::basic_string<char, std::char_traits<char>, std::allocator<char> >::_M_append(char const*, unsigned long)@@GLIBCXX_3.4.21
                0x0000000000011b10                std::ios_base::~ios_base()@@GLIBCXX_3.4
                0x0000000000011b20                pml::LogStream::SetOutputLevel(unsigned long, pml::enumLevel)
                0x0000000000011b30                Agentpp::RequestList::RequestList()
                0x0000000000011b40                std::ostream& std::ostream::_M_insert<long long>(long long)@@GLIBCXX_3.4.9
                0x0000000000011b50                std::__throw_bad_function_call()@@GLIBCXX_3.4.14
                0x0000000000011b60                __cxa_begin_catch@@CXXABI_1.3
                0x0000000000011b70                strlen@@GLIBC_2.2.5
                0x0000000000011b80                memcmp@@GLIBC_2.2.5
                0x0000000000011b90                std::thread::_State::~_State()@@GLIBCXX_3.4.22
                0x0000000000011ba0                Agentpp::snmpGroup::snmpGroup()
                0x0000000000011bb0                pml::LogStream::~LogStream()
                0x0000000000011bc0                Snmp_pp::Snmp::~Snmp()
                0x0000000000011bd0                Snmp_pp::Oid::Oid(char const*, bool)
                0x0000000000011be0                Agentpp::Thread::get_runnable()
                0x0000000000011bf0                Snmp_pp::OctetStr::~OctetStr()
                0x0000000000011c00                std::__throw_length_error(char const*)@@GLIBCXX_3.4
                0x0000000000011c10                std::__cxx11::basic_string<char, std::char_traits<char>, std::allocator<char> >::_M_assign(std::__cxx11::basic_string<char, std::char_traits<char>, std::allocator<char> > const&)@@GLIBCXX_3.4.21
                0x0000000000011c20                Agentpp::MibEntry::operator>(Agentpp::MibEntry const&) const
                0x0000000000011c30                Agentpp::OidxPtrEntryPtrAVLMap::_kill(Agentpp::OidxPtrEntryPtrAVLNode*)
                0x0000000000011c40                Agentpp::NotificationOriginator::NotificationOriginator()
                0x0000000000011c50                std::_Rb_tree_rebalance_for_erase(std::_Rb_tree_node_base*, std::_Rb_tree_node_base&)@@GLIBCXX_3.4
                0x0000000000011c60                Snmp_pp::Vb::set_syntax(unsigned long)
                0x0000000000011c70                pml::aoip::AoipClient::AddAudioCallback(std::function<void (std::shared_ptr<pml::aoip::AoIPSource>, std::shared_ptr<pml::aoip::timedbuffer>)>)
                0x0000000000011c80                Agentpp::Mib::set_request_list(Agentpp::RequestList*)
                0x0000000000011c90                Snmp_pp::Vb::get_value(unsigned int&) const
                0x0000000000011ca0                Snmp_pp::OctetStr::OctetStr(Snmp_pp::OctetStr const&)
                0x0000000000011cb0                std::__throw_system_error(int)@@GLIBCXX_3.4.11
                0x0000000000011cc0                std::ostream& std::ostream::_M_insert<unsigned long>(unsigned long)@@GLIBCXX_3.4.9
                0x0000000000011cd0                std::ostream::flush()@@GLIBCXX_3.4
                0x0000000000011ce0                std::_Rb_tree_increment(std::_Rb_tree_node_base*)@@GLIBCXX_3.4
                0x0000000000011cf0                pml::aoip::AoipClient::AddLoopCallback(std::function<void (std::chrono::duration<long, std::ratio<1l, 1000000l> >)>)
                0x0000000000011d00                std::__throw_logic_error(char const*)@@GLIBCXX_3.4
                0x0000000000011d10                Agentpp::NotificationOriginator::add_v2_trap_destination(Snmp_pp::UdpAddress const&, Snmp_pp::OctetStr const&, Snmp_pp::OctetStr const&, Snmp_pp::OctetStr const&)
                0x0000000000011d20                Agentpp::MibEntry::operator==(Agentpp::MibEntry const&) const
                0x0000000000011d30                std::__cxx11::basic_stringstream<char, std::char_traits<char>, std::allocator<char> >::~basic_stringstream()@@GLIBCXX_3.4.21
                0x0000000000011d40                Snmp_pp::Snmp::Snmp(int&, unsigned short, bool)
                0x0000000000011d50                pthread_mutex_unlock@@GLIBC_2.2.5
                0x0000000000011d60                Agentpp::MibTableRow::operator<(Agentpp::MibTableRow const&)
                0x0000000000011d70                strtod@@GLIBC_2.2.5
                0x0000000000011d80                memcpy@@GLIBC_2.14
                0x0000000000011d90                Snmp_pp::Oid::Oid(char const*, bool)
                0x0000000000011da0                Snmp_pp::Vb::free_vb()
                0x0000000000011db0                Snmp_pp::OctetStr::OctetStr(char const*)
                0x0000000000011dc0                sf_open@@libsndfile.so.1.0
                0x0000000000011dd0                __cxa_atexit@@GLIBC_2.2.5
                0x0000000000011de0                Snmp_pp::Vb::get_value(int&) const
                0x0000000000011df0                Agentpp::MibComplexEntry::MibComplexEntry(Agentpp::Oidx const&, Agentpp::mib_access)
                0x0000000000011e00                std::basic_filebuf<char, std::char_traits<char> >::open(char const*, std::_Ios_Openmode)@@GLIBCXX_3.4
                0x0000000000011e10                std::thread::_M_start_thread(std::unique_ptr<std::thread::_State, std::default_delete<std::thread::_State> >, void (*)())@@GLIBCXX_3.4.22
                0x0000000000011e20                Agentpp::TaskManager::TaskManager(Agentpp::ThreadPool*, int)
                0x0000000000011e30                Agentpp::LockRequest::~LockRequest()
                0x0000000000011e40                std::ostream& std::ostream::_M_insert<long>(long)@@GLIBCXX_3.4.9
                0x0000000000011e50                Agentpp::ThreadManager::end_synch()
                0x0000000000011e60                std::basic_ostream<char, std::char_traits<char> >& std::operator<< <std::char_traits<char> >(std::basic_ostream<char, std::char_traits<char> >&, char const*)@@GLIBCXX_3.4
                0x0000000000011e70                operator new(unsigned long)@@GLIBCXX_3.4
                0x0000000000011e80                Snmp_pp::Snmp::socket_cleanup()
                0x0000000000011e90                operator delete(void*, unsigned long)@@CXXABI_1.3.9
                0x0000000000011ea0                Agentpp::MibContext::key()
                0x0000000000011eb0                Snmp_pp::UdpAddress::UdpAddress(char const*)
                0x0000000000011ec0                std::basic_filebuf<char, std::char_traits<char> >::basic_filebuf()@@GLIBCXX_3.4
                0x0000000000011ed0                std::_Rb_tree_decrement(std::_Rb_tree_node_base*)@@GLIBCXX_3.4
                0x0000000000011ee0                Agentpp::OidxPtrEntryPtrAVLMap::leftmost() const
                0x0000000000011ef0                Agentpp::ThreadManager::start_synch()
                0x0000000000011f00                Snmp_pp::Vb::get_syntax() const
                0x0000000000011f10                __stack_chk_fail@@GLIBC_2.4
                0x0000000000011f20                std::basic_ostream<char, std::char_traits<char> >& std::__ostream_insert<char, std::char_traits<char> >(std::basic_ostream<char, std::char_traits<char> >&, char const*, long)@@GLIBCXX_3.4.9
                0x0000000000011f30                std::ctype<char>::_M_widen_init() const@@GLIBCXX_3.4.11
                0x0000000000011f40                Agentpp::sysGroup::sysGroup(char const*, Agentpp::Oidx const&, int, char const*, char const*, char const*)
                0x0000000000011f50                std::_Rb_tree_increment(std::_Rb_tree_node_base const*)@@GLIBCXX_3.4
                0x0000000000011f60                Snmp_pp::DefaultLog::init_ts(Snmp_pp::AgentLog*)
                0x0000000000011f70                pml::aoip::AoipClient::Stop()
                0x0000000000011f80                free@@GLIBC_2.2.5
                0x0000000000011f90                Agentpp::MibComplexEntry::MibComplexEntry(Agentpp::MibComplexEntry const&)
                0x0000000000011fa0                std::__cxx11::basic_string<char, std::char_traits<char>, std::allocator<char> >::_M_dispose()@@GLIBCXX_3.4.21
                0x0000000000011fb0                sigemptyset@@GLIBC_2.2.5
                0x0000000000011fc0                sigaction@@GLIBC_2.2.5
                0x0000000000011fd0                std::__throw_bad_cast()@@GLIBCXX_3.4
                0x0000000000011fe0                operator delete[](void*)@@GLIBCXX_3.4
                0x0000000000011ff0                Agentpp::snmp_notification_mib::snmp_notification_mib()
                0x0000000000012000                Snmp_pp::Vb::operator=(Snmp_pp::Vb const&)
                0x0000000000012010                pml::aoip::subsession::operator=(pml::aoip::subsession const&)
                0x0000000000012020                std::basic_ios<char, std::char_traits<char> >::init(std::basic_streambuf<char, std::char_traits<char> >*)@@GLIBCXX_3.4
                0x0000000000012030                Agentpp::OidxPtrEntryPtrMap::error(char const*) const
                0x0000000000012040                pml::aoip::AoipClient::AddSessionCallback(std::function<void (std::shared_ptr<pml::aoip::AoIPSource>, pml::aoip::session const&)>)
                0x0000000000012050                strcmp@@GLIBC_2.2.5
                0x0000000000012060                strtol@@GLIBC_2.2.5
                0x0000000000012070                std::locale::~locale()@@GLIBCXX_3.4
                0x0000000000012080                Agentpp::NotificationOriginator::generate(Agentpp::Vbx*, int, Agentpp::Oidx const&, Agentpp::Oidx const&, Snmp_pp::OctetStr const&)
                0x0000000000012090                __cxa_throw_bad_array_new_length@@CXXABI_1.3.8
                0x00000000000120a0                sf_write_float@@libsndfile.so.1.0
                0x00000000000120b0                Agentpp::NotificationOriginator::~NotificationOriginator()
                0x00000000000120c0                pml::aoip::AoipClient::AoipClient(std::__cxx11::basic_string<char, std::char_traits<char>, std::allocator<char> > const&, std::__cxx11::basic_string<char, std::char_traits<char>, std::allocator<char> > const&, unsigned int)
                0x00000000000120d0                tolower@@GLIBC_2.2.5
                0x00000000000120e0                __cxa_rethrow@@CXXABI_1.3
                0x00000000000120f0                pthread_mutex_lock@@GLIBC_2.2.5
                0x0000000000012100                backtrace@@GLIBC_2.2.5
                0x0000000000012110                backtrace_symbols@@GLIBC_2.2.5
                0x0000000000012120                Agentpp::MibTableRow::operator>(Agentpp::MibTableRow const&)
                0x0000000000012130                std::ios_base::Init::Init()@@GLIBCXX_3.4
                0x0000000000012140                std::__cxx11::basic_string<char, std::char_traits<char>, std::allocator<char> >::_M_replace(unsigned long, unsigned long, char const*, unsigned long)@@GLIBCXX_3.4.21
                0x0000000000012150                sf_close@@libsndfile.so.1.0
                0x0000000000012160                std::basic_filebuf<char, std::char_traits<char> >::~basic_filebuf()@@GLIBCXX_3.4
                0x0000000000012170                std::__cxx11::basic_string<char, std::char_traits<char>, std::allocator<char> >::reserve(unsigned long)@@GLIBCXX_3.4.21
                0x0000000000012180                pml::aoip::AoipClient::StreamFromSource(std::shared_ptr<pml::aoip::AoIPSource>)
                0x0000000000012190                ConvertTimeToString(std::chrono::time_point<std::chrono::_V2::system_clock, std::chrono::duration<long, std::ratio<1l, 1000000000l> > > const&, std::__cxx11::basic_string<char, std::char_traits<char>, std::allocator<char> > const&)
                0x00000000000121a0                pml::LogStream::AddOutput(std::unique_ptr<pml::LogOutput, std::default_delete<pml::LogOutput> >)
                0x00000000000121b0                Agentpp::ThreadPool::ThreadPool(int, int)
                0x00000000000121c0                std::ostream& std::ostream::_M_insert<double>(double)@@GLIBCXX_3.4.9
                0x00000000000121d0                _exit@@GLIBC_2.2.5
                0x00000000000121e0                pmlLog(pml::enumLevel)
                0x00000000000121f0                pml::LogToFile::LogToFile(std::__cxx11::basic_string<char, std::char_traits<char>, std::allocator<char> > const&, int, pml::LogOutput::enumTS)
                0x0000000000012200                __cxa_end_catch@@CXXABI_1.3
                0x0000000000012210                Agentpp::MibComplexEntry::~MibComplexEntry()
                0x0000000000012220                Agentpp::Thread::Thread(Agentpp::Runnable&)
                0x0000000000012230                std::basic_ios<char, std::char_traits<char> >::clear(std::_Ios_Iostate)@@GLIBCXX_3.4
                0x0000000000012240                std::thread::join()@@GLIBCXX_3.4.11
                0x0000000000012250                std::ostream::operator<<(int)@@GLIBCXX_3.4
                0x0000000000012260                Snmp_pp::Vb::get_value(char*) const
                0x0000000000012270                Snmp_pp::Snmp::socket_startup()
                0x0000000000012280                Agentpp::OidxPtrEntryPtrAVLMap::seek_inexact(Agentpp::Oidx*) const
                0x0000000000012290                _Unwind_Resume@@GCC_3.0
                0x00000000000122a0                Agentpp::OidxPtrEntryPtrAVLMap::succ(Agentpp::OidxPtrEntryPtrAVLNode*) const
                0x00000000000122b0                std::__cxx11::basic_string<char, std::char_traits<char>, std::allocator<char> >::_M_create(unsigned long&, unsigned long)@@GLIBCXX_3.4.21
                0x00000000000122c0                std::__cxx11::basic_string<char, std::char_traits<char>, std::allocator<char> >::_M_mutate(unsigned long, unsigned long, char const*, unsigned long)@@GLIBCXX_3.4.21
                0x00000000000122d0                Agentpp::Mib::Mib()
                0x00000000000122e0                std::basic_istream<char, std::char_traits<char> >& std::getline<char, std::char_traits<char>, std::allocator<char> >(std::basic_istream<char, std::char_traits<char> >&, std::__cxx11::basic_string<char, std::char_traits<char>, std::allocator<char> >&, char)@@GLIBCXX_3.4.21
                0x00000000000122f0                std::__basic_file<char>::~__basic_file()@@GLIBCXX_3.4
                0x0000000000012300                pml::aoip::AoipClient::Run(bool)
                0x0000000000012310                pml::aoip::AoIPSource::AoIPSource(unsigned int, std::__cxx11::basic_string<char, std::char_traits<char>, std::allocator<char> > const&, std::__cxx11::basic_string<char, std::char_traits<char>, std::allocator<char> > const&, std::__cxx11::basic_string<char, std::char_traits<char>, std::allocator<char> > const&)
                0x0000000000012320                Agentpp::snmp_target_mib::snmp_target_mib()
                0x0000000000012330                pml::aoip::AoipClient::AddQosCallback(std::function<void (std::shared_ptr<pml::aoip::AoIPSource>, std::shared_ptr<pml::aoip::qosData>)>)
                0x0000000000012340                operator delete[](void*, unsigned long)@@CXXABI_1.3.9
                0x0000000000012350                Agentpp::RequestList::set_address_validation(bool)
                0x0000000000012360                pml::LogStream::operator<<(std::ios_base& (*)(std::ios_base&))
                0x0000000000012370                Agentpp::OidxPtrEntryPtrAVLMap::pred(Agentpp::OidxPtrEntryPtrAVLNode*) const
                0x0000000000012380                operator new(unsigned long, std::nothrow_t const&)@@GLIBCXX_3.4
                0x0000000000012390                Snmp_pp::Oid::operator+=(char const*)
                0x00000000000123a0                Agentpp::OidxPtrEntryPtrAVLMap::rightmost() const
                0x00000000000123b0                std::locale::locale()@@GLIBCXX_3.4

.text           0x00000000000123c0    0x20621
 *(.text.unlikely .text.*_unlikely .text.unlikely.*)
 .text.unlikely
                0x00000000000123c0      0x963 obj/Release/src/agentthread.o
 *fill*         0x0000000000012d23        0x1 
 .text.unlikely
                0x0000000000012d24      0x337 obj/Release/src/inimanager.o
 *fill*         0x000000000001305b        0x1 
 .text.unlikely
                0x000000000001305c       0x3f obj/Release/src/inisection.o
 *fill*         0x000000000001309b        0x1 
 .text.unlikely
                0x000000000001309c      0x5d4 obj/Release/src/loggerapp.o
 .text.unlikely
                0x0000000000013670       0x20 obj/Release/src/main.o
 .text.unlikely
                0x0000000000013690      0x369 obj/Release/src/mibwritabletable.o
 *fill*         0x00000000000139f9        0x1 
 .text.unlikely
                0x00000000000139fa       0x35 obj/Release/src/soundfile.o
 *(.text.exit .text.exit.*)
 *(.text.startup .text.startup.*)
 *fill*         0x0000000000013a2f        0x1 
 .text.startup  0x0000000000013a30       0x2b obj/Release/src/agentthread.o
 *fill*         0x0000000000013a5b        0x5 
 .text.startup  0x0000000000013a60       0x2b obj/Release/src/inimanager.o
 *fill*         0x0000000000013a8b        0x5 
 .text.startup  0x0000000000013a90       0x2b obj/Release/src/inisection.o
 *fill*         0x0000000000013abb        0x5 
 .text.startup  0x0000000000013ac0      0x265 obj/Release/src/loggerapp.o
 *fill*         0x0000000000013d25        0xb 
 .text.startup  0x0000000000013d30      0x21b obj/Release/src/main.o
                0x0000000000013d30                main
 *fill*         0x0000000000013f4b        0x5 
 .text.startup  0x0000000000013f50       0x2b obj/Release/src/mibwritabletable.o
 *fill*         0x0000000000013f7b        0x5 
 .text.startup  0x0000000000013f80       0x2b obj/Release/src/soundfile.o
 *(.text.hot .text.hot.*)
 *(SORT_BY_NAME(.text.sorted.*))
 *(.text .stub .text.* .gnu.linkonce.t.*)
 *fill*         0x0000000000013fab        0x5 
 .text          0x0000000000013fb0       0x26 /usr/lib/gcc/x86_64-linux-gnu/11/../../../x86_64-linux-gnu/Scrt1.o
                0x0000000000013fb0                _start
 .text          0x0000000000013fd6        0x0 /usr/lib/gcc/x86_64-linux-gnu/11/../../../x86_64-linux-gnu/crti.o
 *fill*         0x0000000000013fd6        0xa 
 .text          0x0000000000013fe0       0xb9 /usr/lib/gcc/x86_64-linux-gnu/11/crtbeginS.o
 *fill*         0x0000000000014099        0x7 
 .text          0x00000000000140a0     0x4746 obj/Release/src/agentthread.o
                0x00000000000140a0                AgentThread::ThreadLoop()
                0x0000000000014450                AgentThread::~AgentThread()
                0x0000000000014450                AgentThread::~AgentThread()
                0x0000000000014550                AgentThread::AddOid(std::__cxx11::basic_string<char, std::char_traits<char>, std::allocator<char> > const&, int, std::function<bool (Snmp_pp::SnmpSyntax*, int)>)
                0x0000000000014840                AgentThread::AddOid(std::__cxx11::basic_string<char, std::char_traits<char>, std::allocator<char> > const&, unsigned int, std::function<bool (Snmp_pp::SnmpSyntax*, int)>)
                0x0000000000014b30                AgentThread::RemoveTrapDestination(std::__cxx11::basic_string<char, std::char_traits<char>, std::allocator<char> > const&)
                0x0000000000014d30                AgentThread::AddTrapDestination(std::__cxx11::basic_string<char, std::char_traits<char>, std::allocator<char> > const&)
                0x0000000000015090                AgentThread::Init()
                0x0000000000015370                AgentThread::AddOid(std::__cxx11::basic_string<char, std::char_traits<char>, std::allocator<char> > const&, std::__cxx11::basic_string<char, std::char_traits<char>, std::allocator<char> > const&, std::function<bool (Snmp_pp::SnmpSyntax*, int)>)
                0x0000000000015660                AgentThread::AddOid(std::__cxx11::basic_string<char, std::char_traits<char>, std::allocator<char> > const&, double, std::function<bool (Snmp_pp::SnmpSyntax*, int)>)
                0x00000000000159c0                AgentThread::InitTraps()
                0x0000000000016140                AgentThread::Run()
                0x0000000000016240                AgentThread::SendTrap(int, std::__cxx11::basic_string<char, std::char_traits<char>, std::allocator<char> > const&)
                0x0000000000016e60                AgentThread::UpdateOid(std::__cxx11::basic_string<char, std::char_traits<char>, std::allocator<char> > const&, int)
                0x0000000000017120                AgentThread::UpdateOid(std::__cxx11::basic_string<char, std::char_traits<char>, std::allocator<char> > const&, unsigned int)
                0x00000000000173f0                AgentThread::SendTrap(std::__cxx11::basic_string<char, std::char_traits<char>, std::allocator<char> > const&, std::__cxx11::basic_string<char, std::char_traits<char>, std::allocator<char> > const&)
                0x0000000000017ff0                AgentThread::UpdateOid(std::__cxx11::basic_string<char, std::char_traits<char>, std::allocator<char> > const&, std::__cxx11::basic_string<char, std::char_traits<char>, std::allocator<char> > const&)
                0x0000000000018420                AgentThread::UpdateOid(std::__cxx11::basic_string<char, std::char_traits<char>, std::allocator<char> > const&, double)
                0x00000000000184d0                AgentThread::AgentThread(int, int, std::__cxx11::basic_string<char, std::char_traits<char>, std::allocator<char> > const&, std::__cxx11::basic_string<char, std::char_traits<char>, std::allocator<char> > const&)
                0x00000000000184d0                AgentThread::AgentThread(int, int, std::__cxx11::basic_string<char, std::char_traits<char>, std::allocator<char> > const&, std::__cxx11::basic_string<char, std::char_traits<char>, std::allocator<char> > const&)
 *fill*         0x00000000000187e6        0xa 
 .text._ZNK7Snmp_pp3Oid10get_syntaxEv
                0x00000000000187f0        0xa obj/Release/src/agentthread.o
                0x00000000000187f0                Snmp_pp::Oid::get_syntax() const
 *fill*         0x00000000000187fa        0x6 
 .text._ZNK7Snmp_pp3Oid5validEv
                0x0000000000018800        0xd obj/Release/src/agentthread.o
                0x0000000000018800                Snmp_pp::Oid::valid() const
 *fill*         0x000000000001880d        0x3 
 .text._ZN7Agentpp11RequestList8set_snmpEPNS_5SnmpxE
                0x0000000000018810        0x9 obj/Release/src/agentthread.o
                0x0000000000018810                Agentpp::RequestList::set_snmp(Agentpp::Snmpx*)
 *fill*         0x0000000000018819        0x7 
 .text._ZNSt6thread11_State_implINS_8_InvokerISt5tupleIJM11AgentThreadFvvEPS3_EEEEE6_M_runEv
                0x0000000000018820       0x22 obj/Release/src/agentthread.o
                0x0000000000018820                std::thread::_State_impl<std::thread::_Invoker<std::tuple<void (AgentThread::*)(), AgentThread*> > >::_M_run()
 *fill*         0x0000000000018842        0xe 
 .text._ZN7Agentpp4OidxaSEm
                0x0000000000018850       0x45 obj/Release/src/agentthread.o
                0x0000000000018850                Agentpp::Oidx::operator=(unsigned long)
 *fill*         0x0000000000018895        0xb 
 .text._ZNK7Snmp_pp3Oid7OidCopyEPNS_6SmiOIDES2_
                0x00000000000188a0       0x47 obj/Release/src/agentthread.o
                0x00000000000188a0                Snmp_pp::Oid::OidCopy(Snmp_pp::SmiOID*, Snmp_pp::SmiOID*) const
 *fill*         0x00000000000188e7        0x9 
 .text._ZN7Agentpp12MibConfigBER5cloneEv
                0x00000000000188f0       0x21 obj/Release/src/agentthread.o
                0x00000000000188f0                Agentpp::MibConfigBER::clone()
 *fill*         0x0000000000018911        0xf 
 .text._ZNK7Snmp_pp3Oid13get_printableEv
                0x0000000000018920       0x16 obj/Release/src/agentthread.o
                0x0000000000018920                Snmp_pp::Oid::get_printable() const
 *fill*         0x0000000000018936        0xa 
 .text._ZNK7Agentpp21OidxPtrEntryPtrAVLMap3keyEPv
                0x0000000000018940       0x2a obj/Release/src/agentthread.o
                0x0000000000018940                Agentpp::OidxPtrEntryPtrAVLMap::key(void*) const
 *fill*         0x000000000001896a        0x6 
 .text._ZN7Agentpp21OidxPtrEntryPtrAVLMap8contentsEPv
                0x0000000000018970       0x2a obj/Release/src/agentthread.o
                0x0000000000018970                Agentpp::OidxPtrEntryPtrAVLMap::contents(void*)
 *fill*         0x000000000001899a        0x6 
 .text._ZNK7Agentpp21OidxPtrEntryPtrAVLMap4nextERPv
                0x00000000000189a0       0x1a obj/Release/src/agentthread.o
                0x00000000000189a0                Agentpp::OidxPtrEntryPtrAVLMap::next(void*&) const
 *fill*         0x00000000000189ba        0x6 
 .text._ZNK7Agentpp21OidxPtrEntryPtrAVLMap5firstEv
                0x00000000000189c0        0x9 obj/Release/src/agentthread.o
                0x00000000000189c0                Agentpp::OidxPtrEntryPtrAVLMap::first() const
 *fill*         0x00000000000189c9        0x7 
 .text._ZN7Agentpp21OidxPtrEntryPtrAVLMapD0Ev
                0x00000000000189d0       0x29 obj/Release/src/agentthread.o
                0x00000000000189d0                Agentpp::OidxPtrEntryPtrAVLMap::~OidxPtrEntryPtrAVLMap()
 *fill*         0x00000000000189f9        0x7 
 .text._ZN7Agentpp21OidxPtrEntryPtrAVLMap5clearEv
                0x0000000000018a00       0x22 obj/Release/src/agentthread.o
                0x0000000000018a00                Agentpp::OidxPtrEntryPtrAVLMap::clear()
 *fill*         0x0000000000018a22        0xe 
 .text._ZN7Agentpp5SnmpxD2Ev
                0x0000000000018a30       0x13 obj/Release/src/agentthread.o
                0x0000000000018a30                Agentpp::Snmpx::~Snmpx()
                0x0000000000018a30                Agentpp::Snmpx::~Snmpx()
 *fill*         0x0000000000018a43        0xd 
 .text._ZN7Agentpp5SnmpxD0Ev
                0x0000000000018a50       0x25 obj/Release/src/agentthread.o
                0x0000000000018a50                Agentpp::Snmpx::~Snmpx()
 *fill*         0x0000000000018a75        0xb 
 .text._ZNSt6thread11_State_implINS_8_InvokerISt5tupleIJM11AgentThreadFvvEPS3_EEEEED2Ev
                0x0000000000018a80       0x13 obj/Release/src/agentthread.o
                0x0000000000018a80                std::thread::_State_impl<std::thread::_Invoker<std::tuple<void (AgentThread::*)(), AgentThread*> > >::~_State_impl()
                0x0000000000018a80                std::thread::_State_impl<std::thread::_Invoker<std::tuple<void (AgentThread::*)(), AgentThread*> > >::~_State_impl()
 *fill*         0x0000000000018a93        0xd 
 .text._ZNSt6thread11_State_implINS_8_InvokerISt5tupleIJM11AgentThreadFvvEPS3_EEEEED0Ev
                0x0000000000018aa0       0x25 obj/Release/src/agentthread.o
                0x0000000000018aa0                std::thread::_State_impl<std::thread::_Invoker<std::tuple<void (AgentThread::*)(), AgentThread*> > >::~_State_impl()
 *fill*         0x0000000000018ac5        0xb 
 .text._ZN7Snmp_pp3Oid5clearEv
                0x0000000000018ad0       0x2c obj/Release/src/agentthread.o
                0x0000000000018ad0                Snmp_pp::Oid::clear()
 *fill*         0x0000000000018afc        0x4 
 .text._ZNK7Snmp_pp3Oid5cloneEv
                0x0000000000018b00       0xc6 obj/Release/src/agentthread.o
                0x0000000000018b00                Snmp_pp::Oid::clone() const
 *fill*         0x0000000000018bc6        0xa 
 .text._ZN7Snmp_pp3OidaSERKS0_
                0x0000000000018bd0       0xb5 obj/Release/src/agentthread.o
                0x0000000000018bd0                Snmp_pp::Oid::operator=(Snmp_pp::Oid const&)
 *fill*         0x0000000000018c85        0xb 
 .text._ZN7Snmp_pp12coldStartOidD2Ev
                0x0000000000018c90       0x3a obj/Release/src/agentthread.o
                0x0000000000018c90                Snmp_pp::coldStartOid::~coldStartOid()
                0x0000000000018c90                Snmp_pp::coldStartOid::~coldStartOid()
 *fill*         0x0000000000018cca        0x6 
 .text._ZN7Snmp_pp12snmpTrapsOidD2Ev
                0x0000000000018cd0       0x3a obj/Release/src/agentthread.o
                0x0000000000018cd0                Snmp_pp::snmpTrapsOid::~snmpTrapsOid()
                0x0000000000018cd0                Snmp_pp::snmpTrapsOid::~snmpTrapsOid()
 *fill*         0x0000000000018d0a        0x6 
 .text._ZN7Agentpp4OidxD2Ev
                0x0000000000018d10       0x3a obj/Release/src/agentthread.o
                0x0000000000018d10                Agentpp::Oidx::~Oidx()
                0x0000000000018d10                Agentpp::Oidx::~Oidx()
 *fill*         0x0000000000018d4a        0x6 
 .text._ZN7Agentpp4OidxD0Ev
                0x0000000000018d50       0x40 obj/Release/src/agentthread.o
                0x0000000000018d50                Agentpp::Oidx::~Oidx()
 .text._ZN7Snmp_pp12coldStartOidD0Ev
                0x0000000000018d90       0x40 obj/Release/src/agentthread.o
                0x0000000000018d90                Snmp_pp::coldStartOid::~coldStartOid()
 .text._ZN7Snmp_pp12snmpTrapsOidD0Ev
                0x0000000000018dd0       0x40 obj/Release/src/agentthread.o
                0x0000000000018dd0                Snmp_pp::snmpTrapsOid::~snmpTrapsOid()
 .text._ZNSt14_Function_baseD2Ev
                0x0000000000018e10       0x21 obj/Release/src/agentthread.o
                0x0000000000018e10                std::_Function_base::~_Function_base()
                0x0000000000018e10                std::_Function_base::~_Function_base()
 *fill*         0x0000000000018e31        0xf 
 .text._ZN7Snmp_pp3OidD2Ev
                0x0000000000018e40       0x3a obj/Release/src/agentthread.o
                0x0000000000018e40                Snmp_pp::Oid::~Oid()
                0x0000000000018e40                Snmp_pp::Oid::~Oid()
 *fill*         0x0000000000018e7a        0x6 
 .text._ZN7Snmp_pp3OidD0Ev
                0x0000000000018e80       0x40 obj/Release/src/agentthread.o
                0x0000000000018e80                Snmp_pp::Oid::~Oid()
 .text._ZN7Agentpp21OidxPtrEntryPtrAVLMapD2Ev
                0x0000000000018ec0       0x20 obj/Release/src/agentthread.o
                0x0000000000018ec0                Agentpp::OidxPtrEntryPtrAVLMap::~OidxPtrEntryPtrAVLMap()
                0x0000000000018ec0                Agentpp::OidxPtrEntryPtrAVLMap::~OidxPtrEntryPtrAVLMap()
 .text._ZN7Agentpp5ArrayINS_6ThreadEE8addFirstEPS1_
                0x0000000000018ee0       0x58 obj/Release/src/agentthread.o
                0x0000000000018ee0                Agentpp::Array<Agentpp::Thread>::addFirst(Agentpp::Thread*)
 *fill*         0x0000000000018f38        0x8 
 .text._ZN7Agentpp5ArrayINS_6ThreadEE7addLastEPS1_
                0x0000000000018f40       0x59 obj/Release/src/agentthread.o
                0x0000000000018f40                Agentpp::Array<Agentpp::Thread>::addLast(Agentpp::Thread*)
 *fill*         0x0000000000018f99        0x7 
 .text._ZN7Agentpp5ArrayINS_6ThreadEE3addEPS1_
                0x0000000000018fa0       0x59 obj/Release/src/agentthread.o
                0x0000000000018fa0                Agentpp::Array<Agentpp::Thread>::add(Agentpp::Thread*)
 *fill*         0x0000000000018ff9        0x7 
 .text._ZN7Agentpp5ArrayINS_6ThreadEE12insertBeforeEPS1_S3_
                0x0000000000019000      0x154 obj/Release/src/agentthread.o
                0x0000000000019000                Agentpp::Array<Agentpp::Thread>::insertBefore(Agentpp::Thread*, Agentpp::Thread*)
 *fill*         0x0000000000019154        0xc 
 .text._ZN7Agentpp5ArrayINS_6ThreadEE11insertAfterEPS1_S3_
                0x0000000000019160      0x17f obj/Release/src/agentthread.o
                0x0000000000019160                Agentpp::Array<Agentpp::Thread>::insertAfter(Agentpp::Thread*, Agentpp::Thread*)
 *fill*         0x00000000000192df        0x1 
 .text._ZN7Agentpp5ArrayINS_6ThreadEE11removeFirstEv
                0x00000000000192e0       0x60 obj/Release/src/agentthread.o
                0x00000000000192e0                Agentpp::Array<Agentpp::Thread>::removeFirst()
 .text._ZN7Agentpp5ArrayINS_6ThreadEE10removeLastEv
                0x0000000000019340       0x1f obj/Release/src/agentthread.o
                0x0000000000019340                Agentpp::Array<Agentpp::Thread>::removeLast()
 *fill*         0x000000000001935f        0x1 
 .text._ZN7Agentpp5ArrayINS_6ThreadEE8clearAllEv
                0x0000000000019360       0x60 obj/Release/src/agentthread.o
                0x0000000000019360                Agentpp::Array<Agentpp::Thread>::clearAll()
 .text._ZN7Agentpp5ArrayINS_6ThreadEE5clearEv
                0x00000000000193c0       0x25 obj/Release/src/agentthread.o
                0x00000000000193c0                Agentpp::Array<Agentpp::Thread>::clear()
 *fill*         0x00000000000193e5        0xb 
 .text._ZN7Agentpp5ArrayINS_6ThreadEE5clearEi
                0x00000000000193f0       0x13 obj/Release/src/agentthread.o
                0x00000000000193f0                Agentpp::Array<Agentpp::Thread>::clear(int)
 *fill*         0x0000000000019403        0xd 
 .text._ZN7Agentpp5ArrayINS_6ThreadEE6removeEPS1_
                0x0000000000019410       0xeb obj/Release/src/agentthread.o
                0x0000000000019410                Agentpp::Array<Agentpp::Thread>::remove(Agentpp::Thread*)
 *fill*         0x00000000000194fb        0x5 
 .text._ZN7Agentpp5ArrayINS_6ThreadEE6removeEj
                0x0000000000019500       0xcf obj/Release/src/agentthread.o
                0x0000000000019500                Agentpp::Array<Agentpp::Thread>::remove(unsigned int)
 *fill*         0x00000000000195cf        0x1 
 .text._ZNK7Agentpp5ArrayINS_6ThreadEE6getNthEi
                0x00000000000195d0       0x23 obj/Release/src/agentthread.o
                0x00000000000195d0                Agentpp::Array<Agentpp::Thread>::getNth(int) const
 *fill*         0x00000000000195f3        0xd 
 .text._ZNK7Agentpp5ArrayINS_6ThreadEE5indexEPS1_
                0x0000000000019600       0x36 obj/Release/src/agentthread.o
                0x0000000000019600                Agentpp::Array<Agentpp::Thread>::index(Agentpp::Thread*) const
 *fill*         0x0000000000019636        0xa 
 .text._ZNK7Agentpp5ArrayINS_6ThreadEE5firstEv
                0x0000000000019640       0x14 obj/Release/src/agentthread.o
                0x0000000000019640                Agentpp::Array<Agentpp::Thread>::first() const
 *fill*         0x0000000000019654        0xc 
 .text._ZNK7Agentpp5ArrayINS_6ThreadEE4lastEv
                0x0000000000019660       0x18 obj/Release/src/agentthread.o
                0x0000000000019660                Agentpp::Array<Agentpp::Thread>::last() const
 *fill*         0x0000000000019678        0x8 
 .text._ZN7Agentpp5ArrayINS_6ThreadEE12overwriteNthEiPS1_
                0x0000000000019680       0x63 obj/Release/src/agentthread.o
                0x0000000000019680                Agentpp::Array<Agentpp::Thread>::overwriteNth(int, Agentpp::Thread*)
 *fill*         0x00000000000196e3        0xd 
 .text._ZNK7Agentpp5ArrayINS_6ThreadEEixEi
                0x00000000000196f0        0xf obj/Release/src/agentthread.o
                0x00000000000196f0                Agentpp::Array<Agentpp::Thread>::operator[](int) const
 *fill*         0x00000000000196ff        0x1 
 .text._ZN7Agentpp5ArrayINS_6ThreadEE4trimEi
                0x0000000000019700       0x50 obj/Release/src/agentthread.o
                0x0000000000019700                Agentpp::Array<Agentpp::Thread>::trim(int)
 .text._ZNK7Agentpp5ArrayINS_6ThreadEE4sizeEv
                0x0000000000019750        0x8 obj/Release/src/agentthread.o
                0x0000000000019750                Agentpp::Array<Agentpp::Thread>::size() const
 *fill*         0x0000000000019758        0x8 
 .text._ZNK7Agentpp5ArrayINS_6ThreadEE5emptyEv
                0x0000000000019760        0xf obj/Release/src/agentthread.o
                0x0000000000019760                Agentpp::Array<Agentpp::Thread>::empty() const
 *fill*         0x000000000001976f        0x1 
 .text._ZN7Agentpp5ArrayINS_6ThreadEE5cloneEv
                0x0000000000019770       0xc3 obj/Release/src/agentthread.o
                0x0000000000019770                Agentpp::Array<Agentpp::Thread>::clone()
 *fill*         0x0000000000019833        0xd 
 .text._ZN7Agentpp5ArrayINS_6ThreadEEaSERKS2_
                0x0000000000019840       0xfc obj/Release/src/agentthread.o
                0x0000000000019840                Agentpp::Array<Agentpp::Thread>::operator=(Agentpp::Array<Agentpp::Thread> const&)
 *fill*         0x000000000001993c        0x4 
 .text._ZN7Agentpp5ArrayINS_6ThreadEEC2Ev
                0x0000000000019940       0x13 obj/Release/src/agentthread.o
                0x0000000000019940                Agentpp::Array<Agentpp::Thread>::Array()
                0x0000000000019940                Agentpp::Array<Agentpp::Thread>::Array()
 *fill*         0x0000000000019953        0xd 
 .text._ZN7Agentpp5ArrayINS_6ThreadEED2Ev
                0x0000000000019960       0x6e obj/Release/src/agentthread.o
                0x0000000000019960                Agentpp::Array<Agentpp::Thread>::~Array()
                0x0000000000019960                Agentpp::Array<Agentpp::Thread>::~Array()
 *fill*         0x00000000000199ce        0x2 
 .text._ZN7Agentpp5ArrayINS_11TaskManagerEE8addFirstEPS1_
                0x00000000000199d0       0x58 obj/Release/src/agentthread.o
                0x00000000000199d0                Agentpp::Array<Agentpp::TaskManager>::addFirst(Agentpp::TaskManager*)
 *fill*         0x0000000000019a28        0x8 
 .text._ZN7Agentpp5ArrayINS_11TaskManagerEE7addLastEPS1_
                0x0000000000019a30       0x59 obj/Release/src/agentthread.o
                0x0000000000019a30                Agentpp::Array<Agentpp::TaskManager>::addLast(Agentpp::TaskManager*)
 *fill*         0x0000000000019a89        0x7 
 .text._ZN7Agentpp5ArrayINS_11TaskManagerEE3addEPS1_
                0x0000000000019a90       0x59 obj/Release/src/agentthread.o
                0x0000000000019a90                Agentpp::Array<Agentpp::TaskManager>::add(Agentpp::TaskManager*)
 *fill*         0x0000000000019ae9        0x7 
 .text._ZN7Agentpp5ArrayINS_11TaskManagerEE12insertBeforeEPS1_S3_
                0x0000000000019af0      0x154 obj/Release/src/agentthread.o
                0x0000000000019af0                Agentpp::Array<Agentpp::TaskManager>::insertBefore(Agentpp::TaskManager*, Agentpp::TaskManager*)
 *fill*         0x0000000000019c44        0xc 
 .text._ZN7Agentpp5ArrayINS_11TaskManagerEE11insertAfterEPS1_S3_
                0x0000000000019c50      0x17f obj/Release/src/agentthread.o
                0x0000000000019c50                Agentpp::Array<Agentpp::TaskManager>::insertAfter(Agentpp::TaskManager*, Agentpp::TaskManager*)
 *fill*         0x0000000000019dcf        0x1 
 .text._ZN7Agentpp5ArrayINS_11TaskManagerEE11removeFirstEv
                0x0000000000019dd0       0x60 obj/Release/src/agentthread.o
                0x0000000000019dd0                Agentpp::Array<Agentpp::TaskManager>::removeFirst()
 .text._ZN7Agentpp5ArrayINS_11TaskManagerEE10removeLastEv
                0x0000000000019e30       0x1f obj/Release/src/agentthread.o
                0x0000000000019e30                Agentpp::Array<Agentpp::TaskManager>::removeLast()
 *fill*         0x0000000000019e4f        0x1 
 .text._ZN7Agentpp5ArrayINS_11TaskManagerEE8clearAllEv
                0x0000000000019e50       0x60 obj/Release/src/agentthread.o
                0x0000000000019e50                Agentpp::Array<Agentpp::TaskManager>::clearAll()
 .text._ZN7Agentpp5ArrayINS_11TaskManagerEE5clearEv
                0x0000000000019eb0       0x25 obj/Release/src/agentthread.o
                0x0000000000019eb0                Agentpp::Array<Agentpp::TaskManager>::clear()
 *fill*         0x0000000000019ed5        0xb 
 .text._ZN7Agentpp5ArrayINS_11TaskManagerEE5clearEi
                0x0000000000019ee0       0x13 obj/Release/src/agentthread.o
                0x0000000000019ee0                Agentpp::Array<Agentpp::TaskManager>::clear(int)
 *fill*         0x0000000000019ef3        0xd 
 .text._ZN7Agentpp5ArrayINS_11TaskManagerEE6removeEPS1_
                0x0000000000019f00       0xeb obj/Release/src/agentthread.o
                0x0000000000019f00                Agentpp::Array<Agentpp::TaskManager>::remove(Agentpp::TaskManager*)
 *fill*         0x0000000000019feb        0x5 
 .text._ZN7Agentpp5ArrayINS_11TaskManagerEE6removeEj
                0x0000000000019ff0       0xcf obj/Release/src/agentthread.o
                0x0000000000019ff0                Agentpp::Array<Agentpp::TaskManager>::remove(unsigned int)
 *fill*         0x000000000001a0bf        0x1 
 .text._ZNK7Agentpp5ArrayINS_11TaskManagerEE6getNthEi
                0x000000000001a0c0       0x23 obj/Release/src/agentthread.o
                0x000000000001a0c0                Agentpp::Array<Agentpp::TaskManager>::getNth(int) const
 *fill*         0x000000000001a0e3        0xd 
 .text._ZNK7Agentpp5ArrayINS_11TaskManagerEE5indexEPS1_
                0x000000000001a0f0       0x36 obj/Release/src/agentthread.o
                0x000000000001a0f0                Agentpp::Array<Agentpp::TaskManager>::index(Agentpp::TaskManager*) const
 *fill*         0x000000000001a126        0xa 
 .text._ZNK7Agentpp5ArrayINS_11TaskManagerEE5firstEv
                0x000000000001a130       0x14 obj/Release/src/agentthread.o
                0x000000000001a130                Agentpp::Array<Agentpp::TaskManager>::first() const
 *fill*         0x000000000001a144        0xc 
 .text._ZNK7Agentpp5ArrayINS_11TaskManagerEE4lastEv
                0x000000000001a150       0x18 obj/Release/src/agentthread.o
                0x000000000001a150                Agentpp::Array<Agentpp::TaskManager>::last() const
 *fill*         0x000000000001a168        0x8 
 .text._ZN7Agentpp5ArrayINS_11TaskManagerEE12overwriteNthEiPS1_
                0x000000000001a170       0x63 obj/Release/src/agentthread.o
                0x000000000001a170                Agentpp::Array<Agentpp::TaskManager>::overwriteNth(int, Agentpp::TaskManager*)
 *fill*         0x000000000001a1d3        0xd 
 .text._ZNK7Agentpp5ArrayINS_11TaskManagerEEixEi
                0x000000000001a1e0        0xf obj/Release/src/agentthread.o
                0x000000000001a1e0                Agentpp::Array<Agentpp::TaskManager>::operator[](int) const
 *fill*         0x000000000001a1ef        0x1 
 .text._ZN7Agentpp5ArrayINS_11TaskManagerEE4trimEi
                0x000000000001a1f0       0x50 obj/Release/src/agentthread.o
                0x000000000001a1f0                Agentpp::Array<Agentpp::TaskManager>::trim(int)
 .text._ZNK7Agentpp5ArrayINS_11TaskManagerEE4sizeEv
                0x000000000001a240        0x8 obj/Release/src/agentthread.o
                0x000000000001a240                Agentpp::Array<Agentpp::TaskManager>::size() const
 *fill*         0x000000000001a248        0x8 
 .text._ZNK7Agentpp5ArrayINS_11TaskManagerEE5emptyEv
                0x000000000001a250        0xf obj/Release/src/agentthread.o
                0x000000000001a250                Agentpp::Array<Agentpp::TaskManager>::empty() const
 *fill*         0x000000000001a25f        0x1 
 .text._ZN7Agentpp5ArrayINS_11TaskManagerEE5cloneEv
                0x000000000001a260      0x112 obj/Release/src/agentthread.o
                0x000000000001a260                Agentpp::Array<Agentpp::TaskManager>::clone()
 *fill*         0x000000000001a372        0xe 
 .text._ZN7Agentpp5ArrayINS_11TaskManagerEEaSERKS2_
                0x000000000001a380      0x148 obj/Release/src/agentthread.o
                0x000000000001a380                Agentpp::Array<Agentpp::TaskManager>::operator=(Agentpp::Array<Agentpp::TaskManager> const&)
 *fill*         0x000000000001a4c8        0x8 
 .text._ZN7Agentpp5ArrayINS_11TaskManagerEEC2Ev
                0x000000000001a4d0       0x13 obj/Release/src/agentthread.o
                0x000000000001a4d0                Agentpp::Array<Agentpp::TaskManager>::Array()
                0x000000000001a4d0                Agentpp::Array<Agentpp::TaskManager>::Array()
 *fill*         0x000000000001a4e3        0xd 
 .text._ZN7Agentpp5ArrayINS_11TaskManagerEED2Ev
                0x000000000001a4f0       0x6e obj/Release/src/agentthread.o
                0x000000000001a4f0                Agentpp::Array<Agentpp::TaskManager>::~Array()
                0x000000000001a4f0                Agentpp::Array<Agentpp::TaskManager>::~Array()
 *fill*         0x000000000001a55e        0x2 
 .text._ZN7Agentpp4ListINS_8RunnableEE8addFirstEPS1_
                0x000000000001a560       0x5f obj/Release/src/agentthread.o
                0x000000000001a560                Agentpp::List<Agentpp::Runnable>::addFirst(Agentpp::Runnable*)
 *fill*         0x000000000001a5bf        0x1 
 .text._ZN7Agentpp4ListINS_8RunnableEE7addLastEPS1_
                0x000000000001a5c0       0x77 obj/Release/src/agentthread.o
                0x000000000001a5c0                Agentpp::List<Agentpp::Runnable>::addLast(Agentpp::Runnable*)
 *fill*         0x000000000001a637        0x9 
 .text._ZN7Agentpp4ListINS_8RunnableEE3addEPS1_
                0x000000000001a640       0x77 obj/Release/src/agentthread.o
                0x000000000001a640                Agentpp::List<Agentpp::Runnable>::add(Agentpp::Runnable*)
 *fill*         0x000000000001a6b7        0x9 
 .text._ZN7Agentpp4ListINS_8RunnableEE12insertBeforeEPS1_S3_
                0x000000000001a6c0       0xfe obj/Release/src/agentthread.o
                0x000000000001a6c0                Agentpp::List<Agentpp::Runnable>::insertBefore(Agentpp::Runnable*, Agentpp::Runnable*)
 *fill*         0x000000000001a7be        0x2 
 .text._ZN7Agentpp4ListINS_8RunnableEE11insertAfterEPS1_S3_
                0x000000000001a7c0      0x134 obj/Release/src/agentthread.o
                0x000000000001a7c0                Agentpp::List<Agentpp::Runnable>::insertAfter(Agentpp::Runnable*, Agentpp::Runnable*)
 *fill*         0x000000000001a8f4        0xc 
 .text._ZN7Agentpp4ListINS_8RunnableEE11removeFirstEv
                0x000000000001a900       0x4a obj/Release/src/agentthread.o
                0x000000000001a900                Agentpp::List<Agentpp::Runnable>::removeFirst()
 *fill*         0x000000000001a94a        0x6 
 .text._ZN7Agentpp4ListINS_8RunnableEE10removeLastEv
                0x000000000001a950       0x49 obj/Release/src/agentthread.o
                0x000000000001a950                Agentpp::List<Agentpp::Runnable>::removeLast()
 *fill*         0x000000000001a999        0x7 
 .text._ZN7Agentpp4ListINS_8RunnableEE8clearAllEv
                0x000000000001a9a0       0x56 obj/Release/src/agentthread.o
                0x000000000001a9a0                Agentpp::List<Agentpp::Runnable>::clearAll()
 *fill*         0x000000000001a9f6        0xa 
 .text._ZN7Agentpp4ListINS_8RunnableEE5clearEv
                0x000000000001aa00       0x45 obj/Release/src/agentthread.o
                0x000000000001aa00                Agentpp::List<Agentpp::Runnable>::clear()
 *fill*         0x000000000001aa45        0xb 
 .text._ZN7Agentpp4ListINS_8RunnableEE6removeEPS1_
                0x000000000001aa50       0x88 obj/Release/src/agentthread.o
                0x000000000001aa50                Agentpp::List<Agentpp::Runnable>::remove(Agentpp::Runnable*)
 *fill*         0x000000000001aad8        0x8 
 .text._ZN7Agentpp4ListINS_8RunnableEE6removeEPNS_8ListItemIS1_EE
                0x000000000001aae0       0x91 obj/Release/src/agentthread.o
                0x000000000001aae0                Agentpp::List<Agentpp::Runnable>::remove(Agentpp::ListItem<Agentpp::Runnable>*)
 *fill*         0x000000000001ab71        0xf 
 .text._ZNK7Agentpp4ListINS_8RunnableEE6getNthEi
                0x000000000001ab80       0x35 obj/Release/src/agentthread.o
                0x000000000001ab80                Agentpp::List<Agentpp::Runnable>::getNth(int) const
 *fill*         0x000000000001abb5        0xb 
 .text._ZNK7Agentpp4ListINS_8RunnableEE8positionEPS1_
                0x000000000001abc0       0x21 obj/Release/src/agentthread.o
                0x000000000001abc0                Agentpp::List<Agentpp::Runnable>::position(Agentpp::Runnable*) const
 *fill*         0x000000000001abe1        0xf 
 .text._ZNK7Agentpp4ListINS_8RunnableEE5indexEPS1_
                0x000000000001abf0       0x3a obj/Release/src/agentthread.o
                0x000000000001abf0                Agentpp::List<Agentpp::Runnable>::index(Agentpp::Runnable*) const
 *fill*         0x000000000001ac2a        0x6 
 .text._ZNK7Agentpp4ListINS_8RunnableEE5firstEv
                0x000000000001ac30       0x11 obj/Release/src/agentthread.o
                0x000000000001ac30                Agentpp::List<Agentpp::Runnable>::first() const
 *fill*         0x000000000001ac41        0xf 
 .text._ZNK7Agentpp4ListINS_8RunnableEE4lastEv
                0x000000000001ac50       0x12 obj/Release/src/agentthread.o
                0x000000000001ac50                Agentpp::List<Agentpp::Runnable>::last() const
 *fill*         0x000000000001ac62        0xe 
 .text._ZN7Agentpp4ListINS_8RunnableEE12overwriteNthEiPS1_
                0x000000000001ac70       0x77 obj/Release/src/agentthread.o
                0x000000000001ac70                Agentpp::List<Agentpp::Runnable>::overwriteNth(int, Agentpp::Runnable*)
 *fill*         0x000000000001ace7        0x9 
 .text._ZN7Agentpp4ListINS_8RunnableEE4trimEi
                0x000000000001acf0       0x86 obj/Release/src/agentthread.o
                0x000000000001acf0                Agentpp::List<Agentpp::Runnable>::trim(int)
 *fill*         0x000000000001ad76        0xa 
 .text._ZNK7Agentpp4ListINS_8RunnableEE4sizeEv
                0x000000000001ad80       0x21 obj/Release/src/agentthread.o
                0x000000000001ad80                Agentpp::List<Agentpp::Runnable>::size() const
 *fill*         0x000000000001ada1        0xf 
 .text._ZNK7Agentpp4ListINS_8RunnableEE5emptyEv
                0x000000000001adb0        0xc obj/Release/src/agentthread.o
                0x000000000001adb0                Agentpp::List<Agentpp::Runnable>::empty() const
 *fill*         0x000000000001adbc        0x4 
 .text._ZN7Agentpp4ListINS_8RunnableEEC2Ev
                0x000000000001adc0       0x14 obj/Release/src/agentthread.o
                0x000000000001adc0                Agentpp::List<Agentpp::Runnable>::List()
                0x000000000001adc0                Agentpp::List<Agentpp::Runnable>::List()
 *fill*         0x000000000001add4        0xc 
 .text._ZN7Agentpp4ListINS_8RunnableEED2Ev
                0x000000000001ade0       0x47 obj/Release/src/agentthread.o
                0x000000000001ade0                Agentpp::List<Agentpp::Runnable>::~List()
                0x000000000001ade0                Agentpp::List<Agentpp::Runnable>::~List()
 *fill*         0x000000000001ae27        0x9 
 .text._ZN7Agentpp4ListINS_11LockRequestEE8addFirstEPS1_
                0x000000000001ae30       0x5f obj/Release/src/agentthread.o
                0x000000000001ae30                Agentpp::List<Agentpp::LockRequest>::addFirst(Agentpp::LockRequest*)
 *fill*         0x000000000001ae8f        0x1 
 .text._ZN7Agentpp4ListINS_11LockRequestEE7addLastEPS1_
                0x000000000001ae90       0x77 obj/Release/src/agentthread.o
                0x000000000001ae90                Agentpp::List<Agentpp::LockRequest>::addLast(Agentpp::LockRequest*)
 *fill*         0x000000000001af07        0x9 
 .text._ZN7Agentpp4ListINS_11LockRequestEE3addEPS1_
                0x000000000001af10       0x77 obj/Release/src/agentthread.o
                0x000000000001af10                Agentpp::List<Agentpp::LockRequest>::add(Agentpp::LockRequest*)
 *fill*         0x000000000001af87        0x9 
 .text._ZN7Agentpp4ListINS_11LockRequestEE12insertBeforeEPS1_S3_
                0x000000000001af90       0xfe obj/Release/src/agentthread.o
                0x000000000001af90                Agentpp::List<Agentpp::LockRequest>::insertBefore(Agentpp::LockRequest*, Agentpp::LockRequest*)
 *fill*         0x000000000001b08e        0x2 
 .text._ZN7Agentpp4ListINS_11LockRequestEE11insertAfterEPS1_S3_
                0x000000000001b090      0x134 obj/Release/src/agentthread.o
                0x000000000001b090                Agentpp::List<Agentpp::LockRequest>::insertAfter(Agentpp::LockRequest*, Agentpp::LockRequest*)
 *fill*         0x000000000001b1c4        0xc 
 .text._ZN7Agentpp4ListINS_11LockRequestEE11removeFirstEv
                0x000000000001b1d0       0x4a obj/Release/src/agentthread.o
                0x000000000001b1d0                Agentpp::List<Agentpp::LockRequest>::removeFirst()
 *fill*         0x000000000001b21a        0x6 
 .text._ZN7Agentpp4ListINS_11LockRequestEE10removeLastEv
                0x000000000001b220       0x49 obj/Release/src/agentthread.o
                0x000000000001b220                Agentpp::List<Agentpp::LockRequest>::removeLast()
 *fill*         0x000000000001b269        0x7 
 .text._ZN7Agentpp4ListINS_11LockRequestEE8clearAllEv
                0x000000000001b270       0x63 obj/Release/src/agentthread.o
                0x000000000001b270                Agentpp::List<Agentpp::LockRequest>::clearAll()
 *fill*         0x000000000001b2d3        0xd 
 .text._ZN7Agentpp4ListINS_11LockRequestEE5clearEv
                0x000000000001b2e0       0x45 obj/Release/src/agentthread.o
                0x000000000001b2e0                Agentpp::List<Agentpp::LockRequest>::clear()
 *fill*         0x000000000001b325        0xb 
 .text._ZN7Agentpp4ListINS_11LockRequestEE6removeEPS1_
                0x000000000001b330       0x88 obj/Release/src/agentthread.o
                0x000000000001b330                Agentpp::List<Agentpp::LockRequest>::remove(Agentpp::LockRequest*)
 *fill*         0x000000000001b3b8        0x8 
 .text._ZN7Agentpp4ListINS_11LockRequestEE6removeEPNS_8ListItemIS1_EE
                0x000000000001b3c0       0x91 obj/Release/src/agentthread.o
                0x000000000001b3c0                Agentpp::List<Agentpp::LockRequest>::remove(Agentpp::ListItem<Agentpp::LockRequest>*)
 *fill*         0x000000000001b451        0xf 
 .text._ZNK7Agentpp4ListINS_11LockRequestEE6getNthEi
                0x000000000001b460       0x35 obj/Release/src/agentthread.o
                0x000000000001b460                Agentpp::List<Agentpp::LockRequest>::getNth(int) const
 *fill*         0x000000000001b495        0xb 
 .text._ZNK7Agentpp4ListINS_11LockRequestEE8positionEPS1_
                0x000000000001b4a0       0x21 obj/Release/src/agentthread.o
                0x000000000001b4a0                Agentpp::List<Agentpp::LockRequest>::position(Agentpp::LockRequest*) const
 *fill*         0x000000000001b4c1        0xf 
 .text._ZNK7Agentpp4ListINS_11LockRequestEE5indexEPS1_
                0x000000000001b4d0       0x3a obj/Release/src/agentthread.o
                0x000000000001b4d0                Agentpp::List<Agentpp::LockRequest>::index(Agentpp::LockRequest*) const
 *fill*         0x000000000001b50a        0x6 
 .text._ZNK7Agentpp4ListINS_11LockRequestEE5firstEv
                0x000000000001b510       0x11 obj/Release/src/agentthread.o
                0x000000000001b510                Agentpp::List<Agentpp::LockRequest>::first() const
 *fill*         0x000000000001b521        0xf 
 .text._ZNK7Agentpp4ListINS_11LockRequestEE4lastEv
                0x000000000001b530       0x12 obj/Release/src/agentthread.o
                0x000000000001b530                Agentpp::List<Agentpp::LockRequest>::last() const
 *fill*         0x000000000001b542        0xe 
 .text._ZN7Agentpp4ListINS_11LockRequestEE12overwriteNthEiPS1_
                0x000000000001b550       0x8c obj/Release/src/agentthread.o
                0x000000000001b550                Agentpp::List<Agentpp::LockRequest>::overwriteNth(int, Agentpp::LockRequest*)
 *fill*         0x000000000001b5dc        0x4 
 .text._ZN7Agentpp4ListINS_11LockRequestEE4trimEi
                0x000000000001b5e0       0x8e obj/Release/src/agentthread.o
                0x000000000001b5e0                Agentpp::List<Agentpp::LockRequest>::trim(int)
 *fill*         0x000000000001b66e        0x2 
 .text._ZNK7Agentpp4ListINS_11LockRequestEE4sizeEv
                0x000000000001b670       0x21 obj/Release/src/agentthread.o
                0x000000000001b670                Agentpp::List<Agentpp::LockRequest>::size() const
 *fill*         0x000000000001b691        0xf 
 .text._ZNK7Agentpp4ListINS_11LockRequestEE5emptyEv
                0x000000000001b6a0        0xc obj/Release/src/agentthread.o
                0x000000000001b6a0                Agentpp::List<Agentpp::LockRequest>::empty() const
 *fill*         0x000000000001b6ac        0x4 
 .text._ZN7Agentpp4ListINS_11LockRequestEEC2Ev
                0x000000000001b6b0       0x14 obj/Release/src/agentthread.o
                0x000000000001b6b0                Agentpp::List<Agentpp::LockRequest>::List()
                0x000000000001b6b0                Agentpp::List<Agentpp::LockRequest>::List()
 *fill*         0x000000000001b6c4        0xc 
 .text._ZN7Agentpp4ListINS_11LockRequestEED2Ev
                0x000000000001b6d0       0x57 obj/Release/src/agentthread.o
                0x000000000001b6d0                Agentpp::List<Agentpp::LockRequest>::~List()
                0x000000000001b6d0                Agentpp::List<Agentpp::LockRequest>::~List()
 *fill*         0x000000000001b727        0x9 
 .text._ZN7Agentpp4ListINS_8MibEntryEE8addFirstEPS1_
                0x000000000001b730       0x5f obj/Release/src/agentthread.o
                0x000000000001b730                Agentpp::List<Agentpp::MibEntry>::addFirst(Agentpp::MibEntry*)
 *fill*         0x000000000001b78f        0x1 
 .text._ZN7Agentpp4ListINS_8MibEntryEE7addLastEPS1_
                0x000000000001b790       0x77 obj/Release/src/agentthread.o
                0x000000000001b790                Agentpp::List<Agentpp::MibEntry>::addLast(Agentpp::MibEntry*)
 *fill*         0x000000000001b807        0x9 
 .text._ZN7Agentpp4ListINS_8MibEntryEE3addEPS1_
                0x000000000001b810       0x77 obj/Release/src/agentthread.o
                0x000000000001b810                Agentpp::List<Agentpp::MibEntry>::add(Agentpp::MibEntry*)
 *fill*         0x000000000001b887        0x9 
 .text._ZN7Agentpp4ListINS_8MibEntryEE12insertBeforeEPS1_S3_
                0x000000000001b890       0xfe obj/Release/src/agentthread.o